06/11/2025 07:46:36==>Invalid object name 'UserPasss'.
   at Microsoft.Data.SqlClient.SqlConnection.OnError(SqlException exception, Boolean breakConnection, Action`1 wrapCloseInAction)
   at Microsoft.Data.SqlClient.SqlInternalConnection.OnError(SqlException exception, Boolean breakConnection, Action`1 wrapCloseInAction)
   at Microsoft.Data.SqlClient.TdsParser.ThrowExceptionAndWarning(TdsParserStateObject stateObj, Boolean callerHasConnectionLock, Boolean asyncClose)
   at Microsoft.Data.SqlClient.TdsParser.TryRun(RunBehavior runBehavior, SqlCommand cmdHandler, SqlDataReader dataStream, BulkCopySimpleResultSet bulkCopyHandler, TdsParserStateObject stateObj, Boolean& dataReady)
   at Microsoft.Data.SqlClient.SqlDataReader.TryConsumeMetaData()
   at Microsoft.Data.SqlClient.SqlDataReader.get_MetaData()
   at Microsoft.Data.SqlClient.SqlCommand.FinishExecuteReader(SqlDataReader ds, RunBehavior runBehavior, String resetOptionsString, Boolean isInternal, Boolean forDescribeParameterEncryption, Boolean shouldCacheForAlwaysEncrypted)
   at Microsoft.Data.SqlClient.SqlCommand.RunExecuteReaderTds(CommandBehavior cmdBehavior, RunBehavior runBehavior, Boolean returnStream, Boolean isAsync, Int32 timeout, Task& task, Boolean asyncWrite, Boolean inRetry, SqlDataReader ds, Boolean describeParameterEncryptionRequest)
   at Microsoft.Data.SqlClient.SqlCommand.RunExecuteReader(CommandBehavior cmdBehavior, RunBehavior runBehavior, Boolean returnStream, TaskCompletionSource`1 completion, Int32 timeout, Task& task, Boolean& usedCache, Boolean asyncWrite, Boolean inRetry, String method)
   at Microsoft.Data.SqlClient.SqlCommand.RunExecuteReader(CommandBehavior cmdBehavior, RunBehavior runBehavior, Boolean returnStream, String method)
   at Microsoft.Data.SqlClient.SqlCommand.ExecuteReader(CommandBehavior behavior)
   at Microsoft.Data.SqlClient.SqlCommand.ExecuteDbDataReader(CommandBehavior behavior)
   at Microsoft.EntityFrameworkCore.Storage.RelationalCommand.ExecuteReader(RelationalCommandParameterObject parameterObject)
   at Microsoft.EntityFrameworkCore.Query.Internal.SingleQueryingEnumerable`1.Enumerator.InitializeReader(Enumerator enumerator)
   at Microsoft.EntityFrameworkCore.Query.Internal.SingleQueryingEnumerable`1.Enumerator.<>c.<MoveNext>b__21_0(DbContext _, Enumerator enumerator)
   at Microsoft.EntityFrameworkCore.Storage.ExecutionStrategy.<>c__DisplayClass28_0`2.<Execute>b__0(DbContext context, TState state)
   at Microsoft.EntityFrameworkCore.Storage.ExecutionStrategy.ExecuteImplementation[TState,TResult](Func`3 operation, Func`3 verifySucceeded, TState state)
   at Microsoft.EntityFrameworkCore.Storage.ExecutionStrategy.Execute[TState,TResult](TState state, Func`3 operation, Func`3 verifySucceeded)
   at Microsoft.EntityFrameworkCore.Query.Internal.SingleQueryingEnumerable`1.Enumerator.MoveNext()
   at System.Linq.Enumerable.TryGetSingle[TSource](IEnumerable`1 source, Boolean& found)
   at lambda_method241(Closure, QueryContext)
   at Microsoft.EntityFrameworkCore.Query.Internal.QueryCompiler.Execute[TResult](Expression query)
   at Microsoft.EntityFrameworkCore.Query.Internal.EntityQueryProvider.Execute[TResult](Expression expression)
   at Applet.Nat.Api.Br.Models.User.Task() in C:\Users\Jaco2701\Documents\Visual Studio Projects\Nat\Nat.Api\Models\BR\User.cs:line 99
   at Applet.Nat.Api.Controllers.LoginController.GetLogin() in C:\Users\Jaco2701\Documents\Visual Studio Projects\Nat\Nat.Api\Controllers\LoginController.cs:line 42
06/11/2025 07:46:36==>An error occurred while sending the request.
   at System.Runtime.AsyncResult.End[TAsyncResult](IAsyncResult result)
   at System.ServiceModel.Channels.ServiceChannel.SendAsyncResult.End(SendAsyncResult result)
   at System.ServiceModel.Channels.ServiceChannel.EndCall(String action, Object[] outs, IAsyncResult result)
   at System.ServiceModel.Channels.ServiceChannelProxy.TaskCreator.<>c__DisplayClass1_0.<CreateGenericTask>b__0(IAsyncResult asyncResult)
--- End of stack trace from previous location ---
   at Applet.Nat.Api.Br.Models.DocumentExp.GetCotizacion(String vivstrMoneda, DateTime vivdtm) in C:\Users\Jaco2701\Documents\Visual Studio Projects\Nat\Nat.Api\Models\BR\DocumentExp.cs:line 156
An error occurred while sending the request.
   at System.Net.Http.HttpConnection.SendAsync(HttpRequestMessage request, Boolean async, CancellationToken cancellationToken)
   at System.Net.Http.HttpConnectionPool.SendWithVersionDetectionAndRetryAsync(HttpRequestMessage request, Boolean async, Boolean doRequestAuth, CancellationToken cancellationToken)
   at System.Net.Http.DiagnosticsHandler.SendAsyncCore(HttpRequestMessage request, Boolean async, CancellationToken cancellationToken)
   at System.Net.Http.RedirectHandler.SendAsync(HttpRequestMessage request, Boolean async, CancellationToken cancellationToken)
   at System.Net.Http.DecompressionHandler.SendAsync(HttpRequestMessage request, Boolean async, CancellationToken cancellationToken)
   at System.Net.Http.HttpClient.<SendAsync>g__Core|83_0(HttpRequestMessage request, HttpCompletionOption completionOption, CancellationTokenSource cts, Boolean disposeCts, CancellationTokenSource pendingRequestsCts, CancellationToken originalCancellationToken)
   at System.ServiceModel.Channels.HttpChannelFactory`1.HttpClientRequestChannel.HttpClientChannelAsyncRequest.SendRequestAsync(Message message, TimeoutHelper timeoutHelper)
Unable to read data from the transport connection: An existing connection was forcibly closed by the remote host..
   at System.Net.Sockets.Socket.AwaitableSocketAsyncEventArgs.ThrowException(SocketError error, CancellationToken cancellationToken)
   at System.Net.Sockets.Socket.AwaitableSocketAsyncEventArgs.System.Threading.Tasks.Sources.IValueTaskSource<System.Int32>.GetResult(Int16 token)
   at System.Net.Security.SslStream.EnsureFullTlsFrameAsync[TIOAdapter](CancellationToken cancellationToken, Int32 estimatedSize)
   at System.Runtime.CompilerServices.PoolingAsyncValueTaskMethodBuilder`1.StateMachineBox`1.System.Threading.Tasks.Sources.IValueTaskSource<TResult>.GetResult(Int16 token)
   at System.Net.Security.SslStream.ReadAsyncInternal[TIOAdapter](Memory`1 buffer, CancellationToken cancellationToken)
   at System.Runtime.CompilerServices.PoolingAsyncValueTaskMethodBuilder`1.StateMachineBox`1.System.Threading.Tasks.Sources.IValueTaskSource<TResult>.GetResult(Int16 token)
   at System.Net.Http.HttpConnection.InitialFillAsync(Boolean async)
   at System.Net.Http.HttpConnection.SendAsync(HttpRequestMessage request, Boolean async, CancellationToken cancellationToken)
06/11/2025 07:46:37==>Cotizacion Invalida
   at Applet.Nat.Api.Br.Models.DocumentExp.GetCotizacion(String vivstrMoneda, DateTime vivdtm) in C:\Users\Jaco2701\Documents\Visual Studio Projects\Nat\Nat.Api\Models\BR\DocumentExp.cs:line 175
   at Applet.Nat.Api.Controllers.MiscController.Statics() in C:\Users\Jaco2701\Documents\Visual Studio Projects\Nat\Nat.Api\Controllers\MiscController.cs:line 47
06/11/2025 07:46:37==>Valor de Lista FORMAT:dtmwsmtxca no encontrado
   at Applet.Nat.Api.Static.ListHelper.GetValue(String vivcodType, String vivcodId, NatContext vioContext) in C:\Users\Jaco2701\Documents\Visual Studio Projects\Nat\Nat.Api\Static\ListHelper.cs:line 26
   at Applet.Nat.Api.Models.Afip.AfipService.get_ivstrDateformat() in C:\Users\Jaco2701\Documents\Visual Studio Projects\Nat\Nat.Api\Models\Afip\AfipService.cs:line 74
   at Applet.Nat.BR.DocumentMTXCA.GetCotizacion(String vivstrMoneda, DateTime vivdtm) in C:\Users\Jaco2701\Documents\Visual Studio Projects\Nat\Nat.Api\Models\BR\DocumentMtxca.cs:line 540
06/11/2025 07:46:37==>Cotizacion Invalida
   at Applet.Nat.BR.DocumentMTXCA.GetCotizacion(String vivstrMoneda, DateTime vivdtm) in C:\Users\Jaco2701\Documents\Visual Studio Projects\Nat\Nat.Api\Models\BR\DocumentMtxca.cs:line 566
   at Applet.Nat.Api.Controllers.MiscController.Statics() in C:\Users\Jaco2701\Documents\Visual Studio Projects\Nat\Nat.Api\Controllers\MiscController.cs:line 67
06/11/2025 07:46:38==>An error occurred while sending the request.
   at System.Runtime.AsyncResult.End[TAsyncResult](IAsyncResult result)
   at System.ServiceModel.Channels.ServiceChannel.SendAsyncResult.End(SendAsyncResult result)
   at System.ServiceModel.Channels.ServiceChannel.EndCall(String action, Object[] outs, IAsyncResult result)
   at System.ServiceModel.Channels.ServiceChannelProxy.TaskCreator.<>c__DisplayClass1_0.<CreateGenericTask>b__0(IAsyncResult asyncResult)
--- End of stack trace from previous location ---
   at Applet.Nat.Api.Br.Models.DocumentExp.GetCotizacion(String vivstrMoneda, DateTime vivdtm) in C:\Users\Jaco2701\Documents\Visual Studio Projects\Nat\Nat.Api\Models\BR\DocumentExp.cs:line 156
An error occurred while sending the request.
   at System.Net.Http.HttpConnection.SendAsync(HttpRequestMessage request, Boolean async, CancellationToken cancellationToken)
   at System.Net.Http.HttpConnectionPool.SendWithVersionDetectionAndRetryAsync(HttpRequestMessage request, Boolean async, Boolean doRequestAuth, CancellationToken cancellationToken)
   at System.Net.Http.DiagnosticsHandler.SendAsyncCore(HttpRequestMessage request, Boolean async, CancellationToken cancellationToken)
   at System.Net.Http.RedirectHandler.SendAsync(HttpRequestMessage request, Boolean async, CancellationToken cancellationToken)
   at System.Net.Http.DecompressionHandler.SendAsync(HttpRequestMessage request, Boolean async, CancellationToken cancellationToken)
   at System.Net.Http.HttpClient.<SendAsync>g__Core|83_0(HttpRequestMessage request, HttpCompletionOption completionOption, CancellationTokenSource cts, Boolean disposeCts, CancellationTokenSource pendingRequestsCts, CancellationToken originalCancellationToken)
   at System.ServiceModel.Channels.HttpChannelFactory`1.HttpClientRequestChannel.HttpClientChannelAsyncRequest.SendRequestAsync(Message message, TimeoutHelper timeoutHelper)
Unable to read data from the transport connection: An existing connection was forcibly closed by the remote host..
   at System.Net.Sockets.Socket.AwaitableSocketAsyncEventArgs.ThrowException(SocketError error, CancellationToken cancellationToken)
   at System.Net.Sockets.Socket.AwaitableSocketAsyncEventArgs.System.Threading.Tasks.Sources.IValueTaskSource<System.Int32>.GetResult(Int16 token)
   at System.Net.Security.SslStream.EnsureFullTlsFrameAsync[TIOAdapter](CancellationToken cancellationToken, Int32 estimatedSize)
   at System.Runtime.CompilerServices.PoolingAsyncValueTaskMethodBuilder`1.StateMachineBox`1.System.Threading.Tasks.Sources.IValueTaskSource<TResult>.GetResult(Int16 token)
   at System.Net.Security.SslStream.ReadAsyncInternal[TIOAdapter](Memory`1 buffer, CancellationToken cancellationToken)
   at System.Runtime.CompilerServices.PoolingAsyncValueTaskMethodBuilder`1.StateMachineBox`1.System.Threading.Tasks.Sources.IValueTaskSource<TResult>.GetResult(Int16 token)
   at System.Net.Http.HttpConnection.InitialFillAsync(Boolean async)
   at System.Net.Http.HttpConnection.SendAsync(HttpRequestMessage request, Boolean async, CancellationToken cancellationToken)
06/11/2025 07:46:38==>Cotizacion Invalida
   at Applet.Nat.Api.Br.Models.DocumentExp.GetCotizacion(String vivstrMoneda, DateTime vivdtm) in C:\Users\Jaco2701\Documents\Visual Studio Projects\Nat\Nat.Api\Models\BR\DocumentExp.cs:line 175
   at Applet.Nat.Api.Controllers.MiscController.Statics() in C:\Users\Jaco2701\Documents\Visual Studio Projects\Nat\Nat.Api\Controllers\MiscController.cs:line 47
06/11/2025 07:46:38==>Valor de Lista FORMAT:dtmwsmtxca no encontrado
   at Applet.Nat.Api.Static.ListHelper.GetValue(String vivcodType, String vivcodId, NatContext vioContext) in C:\Users\Jaco2701\Documents\Visual Studio Projects\Nat\Nat.Api\Static\ListHelper.cs:line 26
   at Applet.Nat.Api.Models.Afip.AfipService.get_ivstrDateformat() in C:\Users\Jaco2701\Documents\Visual Studio Projects\Nat\Nat.Api\Models\Afip\AfipService.cs:line 74
   at Applet.Nat.BR.DocumentMTXCA.GetCotizacion(String vivstrMoneda, DateTime vivdtm) in C:\Users\Jaco2701\Documents\Visual Studio Projects\Nat\Nat.Api\Models\BR\DocumentMtxca.cs:line 540
06/11/2025 07:46:38==>Cotizacion Invalida
   at Applet.Nat.BR.DocumentMTXCA.GetCotizacion(String vivstrMoneda, DateTime vivdtm) in C:\Users\Jaco2701\Documents\Visual Studio Projects\Nat\Nat.Api\Models\BR\DocumentMtxca.cs:line 566
   at Applet.Nat.Api.Controllers.MiscController.Statics() in C:\Users\Jaco2701\Documents\Visual Studio Projects\Nat\Nat.Api\Controllers\MiscController.cs:line 67
06/11/2025 07:46:52==>Invalid object name 'UserPasss'.
   at Microsoft.Data.SqlClient.SqlConnection.OnError(SqlException exception, Boolean breakConnection, Action`1 wrapCloseInAction)
   at Microsoft.Data.SqlClient.SqlInternalConnection.OnError(SqlException exception, Boolean breakConnection, Action`1 wrapCloseInAction)
   at Microsoft.Data.SqlClient.TdsParser.ThrowExceptionAndWarning(TdsParserStateObject stateObj, Boolean callerHasConnectionLock, Boolean asyncClose)
   at Microsoft.Data.SqlClient.TdsParser.TryRun(RunBehavior runBehavior, SqlCommand cmdHandler, SqlDataReader dataStream, BulkCopySimpleResultSet bulkCopyHandler, TdsParserStateObject stateObj, Boolean& dataReady)
   at Microsoft.Data.SqlClient.SqlDataReader.TryConsumeMetaData()
   at Microsoft.Data.SqlClient.SqlDataReader.get_MetaData()
   at Microsoft.Data.SqlClient.SqlCommand.FinishExecuteReader(SqlDataReader ds, RunBehavior runBehavior, String resetOptionsString, Boolean isInternal, Boolean forDescribeParameterEncryption, Boolean shouldCacheForAlwaysEncrypted)
   at Microsoft.Data.SqlClient.SqlCommand.RunExecuteReaderTds(CommandBehavior cmdBehavior, RunBehavior runBehavior, Boolean returnStream, Boolean isAsync, Int32 timeout, Task& task, Boolean asyncWrite, Boolean inRetry, SqlDataReader ds, Boolean describeParameterEncryptionRequest)
   at Microsoft.Data.SqlClient.SqlCommand.RunExecuteReader(CommandBehavior cmdBehavior, RunBehavior runBehavior, Boolean returnStream, TaskCompletionSource`1 completion, Int32 timeout, Task& task, Boolean& usedCache, Boolean asyncWrite, Boolean inRetry, String method)
   at Microsoft.Data.SqlClient.SqlCommand.RunExecuteReader(CommandBehavior cmdBehavior, RunBehavior runBehavior, Boolean returnStream, String method)
   at Microsoft.Data.SqlClient.SqlCommand.ExecuteReader(CommandBehavior behavior)
   at Microsoft.Data.SqlClient.SqlCommand.ExecuteDbDataReader(CommandBehavior behavior)
   at Microsoft.EntityFrameworkCore.Storage.RelationalCommand.ExecuteReader(RelationalCommandParameterObject parameterObject)
   at Microsoft.EntityFrameworkCore.Query.Internal.SingleQueryingEnumerable`1.Enumerator.InitializeReader(Enumerator enumerator)
   at Microsoft.EntityFrameworkCore.Query.Internal.SingleQueryingEnumerable`1.Enumerator.<>c.<MoveNext>b__21_0(DbContext _, Enumerator enumerator)
   at Microsoft.EntityFrameworkCore.Storage.ExecutionStrategy.<>c__DisplayClass28_0`2.<Execute>b__0(DbContext context, TState state)
   at Microsoft.EntityFrameworkCore.Storage.ExecutionStrategy.ExecuteImplementation[TState,TResult](Func`3 operation, Func`3 verifySucceeded, TState state)
   at Microsoft.EntityFrameworkCore.Storage.ExecutionStrategy.Execute[TState,TResult](TState state, Func`3 operation, Func`3 verifySucceeded)
   at Microsoft.EntityFrameworkCore.Query.Internal.SingleQueryingEnumerable`1.Enumerator.MoveNext()
   at System.Linq.Enumerable.TryGetSingle[TSource](IEnumerable`1 source, Boolean& found)
   at lambda_method241(Closure, QueryContext)
   at Microsoft.EntityFrameworkCore.Query.Internal.QueryCompiler.Execute[TResult](Expression query)
   at Microsoft.EntityFrameworkCore.Query.Internal.EntityQueryProvider.Execute[TResult](Expression expression)
   at Applet.Nat.Api.Br.Models.User.Task() in C:\Users\Jaco2701\Documents\Visual Studio Projects\Nat\Nat.Api\Models\BR\User.cs:line 99
   at Applet.Nat.Api.Controllers.LoginController.GetLogin() in C:\Users\Jaco2701\Documents\Visual Studio Projects\Nat\Nat.Api\Controllers\LoginController.cs:line 42
06/11/2025 08:27:06==>An error occurred while sending the request.
   at System.Runtime.AsyncResult.End[TAsyncResult](IAsyncResult result)
   at System.ServiceModel.Channels.ServiceChannel.SendAsyncResult.End(SendAsyncResult result)
   at System.ServiceModel.Channels.ServiceChannel.EndCall(String action, Object[] outs, IAsyncResult result)
   at System.ServiceModel.Channels.ServiceChannelProxy.TaskCreator.<>c__DisplayClass1_0.<CreateGenericTask>b__0(IAsyncResult asyncResult)
--- End of stack trace from previous location ---
   at Applet.Nat.Api.Br.Models.DocumentExp.GetCotizacion(String vivstrMoneda, DateTime vivdtm) in C:\Users\Jaco2701\Documents\Visual Studio Projects\Nat\Nat.Api\Models\BR\DocumentExp.cs:line 156
An error occurred while sending the request.
   at System.Net.Http.HttpConnection.SendAsync(HttpRequestMessage request, Boolean async, CancellationToken cancellationToken)
   at System.Net.Http.HttpConnectionPool.SendWithVersionDetectionAndRetryAsync(HttpRequestMessage request, Boolean async, Boolean doRequestAuth, CancellationToken cancellationToken)
   at System.Net.Http.DiagnosticsHandler.SendAsyncCore(HttpRequestMessage request, Boolean async, CancellationToken cancellationToken)
   at System.Net.Http.RedirectHandler.SendAsync(HttpRequestMessage request, Boolean async, CancellationToken cancellationToken)
   at System.Net.Http.DecompressionHandler.SendAsync(HttpRequestMessage request, Boolean async, CancellationToken cancellationToken)
   at System.Net.Http.HttpClient.<SendAsync>g__Core|83_0(HttpRequestMessage request, HttpCompletionOption completionOption, CancellationTokenSource cts, Boolean disposeCts, CancellationTokenSource pendingRequestsCts, CancellationToken originalCancellationToken)
   at System.ServiceModel.Channels.HttpChannelFactory`1.HttpClientRequestChannel.HttpClientChannelAsyncRequest.SendRequestAsync(Message message, TimeoutHelper timeoutHelper)
Unable to read data from the transport connection: An existing connection was forcibly closed by the remote host..
   at System.Net.Sockets.Socket.AwaitableSocketAsyncEventArgs.ThrowException(SocketError error, CancellationToken cancellationToken)
   at System.Net.Sockets.Socket.AwaitableSocketAsyncEventArgs.System.Threading.Tasks.Sources.IValueTaskSource<System.Int32>.GetResult(Int16 token)
   at System.Net.Security.SslStream.EnsureFullTlsFrameAsync[TIOAdapter](CancellationToken cancellationToken, Int32 estimatedSize)
   at System.Runtime.CompilerServices.PoolingAsyncValueTaskMethodBuilder`1.StateMachineBox`1.System.Threading.Tasks.Sources.IValueTaskSource<TResult>.GetResult(Int16 token)
   at System.Net.Security.SslStream.ReadAsyncInternal[TIOAdapter](Memory`1 buffer, CancellationToken cancellationToken)
   at System.Runtime.CompilerServices.PoolingAsyncValueTaskMethodBuilder`1.StateMachineBox`1.System.Threading.Tasks.Sources.IValueTaskSource<TResult>.GetResult(Int16 token)
   at System.Net.Http.HttpConnection.InitialFillAsync(Boolean async)
   at System.Net.Http.HttpConnection.SendAsync(HttpRequestMessage request, Boolean async, CancellationToken cancellationToken)
06/11/2025 08:27:06==>Cotizacion Invalida
   at Applet.Nat.Api.Br.Models.DocumentExp.GetCotizacion(String vivstrMoneda, DateTime vivdtm) in C:\Users\Jaco2701\Documents\Visual Studio Projects\Nat\Nat.Api\Models\BR\DocumentExp.cs:line 175
   at Applet.Nat.Api.Controllers.MiscController.Statics() in C:\Users\Jaco2701\Documents\Visual Studio Projects\Nat\Nat.Api\Controllers\MiscController.cs:line 47
06/11/2025 08:27:06==>Valor de Lista FORMAT:dtmwsmtxca no encontrado
   at Applet.Nat.Api.Static.ListHelper.GetValue(String vivcodType, String vivcodId, NatContext vioContext) in C:\Users\Jaco2701\Documents\Visual Studio Projects\Nat\Nat.Api\Static\ListHelper.cs:line 26
   at Applet.Nat.Api.Models.Afip.AfipService.get_ivstrDateformat() in C:\Users\Jaco2701\Documents\Visual Studio Projects\Nat\Nat.Api\Models\Afip\AfipService.cs:line 74
   at Applet.Nat.BR.DocumentMTXCA.GetCotizacion(String vivstrMoneda, DateTime vivdtm) in C:\Users\Jaco2701\Documents\Visual Studio Projects\Nat\Nat.Api\Models\BR\DocumentMtxca.cs:line 540
06/11/2025 08:27:06==>Cotizacion Invalida
   at Applet.Nat.BR.DocumentMTXCA.GetCotizacion(String vivstrMoneda, DateTime vivdtm) in C:\Users\Jaco2701\Documents\Visual Studio Projects\Nat\Nat.Api\Models\BR\DocumentMtxca.cs:line 566
   at Applet.Nat.Api.Controllers.MiscController.Statics() in C:\Users\Jaco2701\Documents\Visual Studio Projects\Nat\Nat.Api\Controllers\MiscController.cs:line 67
06/11/2025 08:27:07==>An error occurred while sending the request.
   at System.Runtime.AsyncResult.End[TAsyncResult](IAsyncResult result)
   at System.ServiceModel.Channels.ServiceChannel.SendAsyncResult.End(SendAsyncResult result)
   at System.ServiceModel.Channels.ServiceChannel.EndCall(String action, Object[] outs, IAsyncResult result)
   at System.ServiceModel.Channels.ServiceChannelProxy.TaskCreator.<>c__DisplayClass1_0.<CreateGenericTask>b__0(IAsyncResult asyncResult)
--- End of stack trace from previous location ---
   at Applet.Nat.Api.Br.Models.DocumentExp.GetCotizacion(String vivstrMoneda, DateTime vivdtm) in C:\Users\Jaco2701\Documents\Visual Studio Projects\Nat\Nat.Api\Models\BR\DocumentExp.cs:line 156
An error occurred while sending the request.
   at System.Net.Http.HttpConnection.SendAsync(HttpRequestMessage request, Boolean async, CancellationToken cancellationToken)
   at System.Net.Http.HttpConnectionPool.SendWithVersionDetectionAndRetryAsync(HttpRequestMessage request, Boolean async, Boolean doRequestAuth, CancellationToken cancellationToken)
   at System.Net.Http.DiagnosticsHandler.SendAsyncCore(HttpRequestMessage request, Boolean async, CancellationToken cancellationToken)
   at System.Net.Http.RedirectHandler.SendAsync(HttpRequestMessage request, Boolean async, CancellationToken cancellationToken)
   at System.Net.Http.DecompressionHandler.SendAsync(HttpRequestMessage request, Boolean async, CancellationToken cancellationToken)
   at System.Net.Http.HttpClient.<SendAsync>g__Core|83_0(HttpRequestMessage request, HttpCompletionOption completionOption, CancellationTokenSource cts, Boolean disposeCts, CancellationTokenSource pendingRequestsCts, CancellationToken originalCancellationToken)
   at System.ServiceModel.Channels.HttpChannelFactory`1.HttpClientRequestChannel.HttpClientChannelAsyncRequest.SendRequestAsync(Message message, TimeoutHelper timeoutHelper)
Unable to read data from the transport connection: An existing connection was forcibly closed by the remote host..
   at System.Net.Sockets.Socket.AwaitableSocketAsyncEventArgs.ThrowException(SocketError error, CancellationToken cancellationToken)
   at System.Net.Sockets.Socket.AwaitableSocketAsyncEventArgs.System.Threading.Tasks.Sources.IValueTaskSource<System.Int32>.GetResult(Int16 token)
   at System.Net.Security.SslStream.EnsureFullTlsFrameAsync[TIOAdapter](CancellationToken cancellationToken, Int32 estimatedSize)
   at System.Runtime.CompilerServices.PoolingAsyncValueTaskMethodBuilder`1.StateMachineBox`1.System.Threading.Tasks.Sources.IValueTaskSource<TResult>.GetResult(Int16 token)
   at System.Net.Security.SslStream.ReadAsyncInternal[TIOAdapter](Memory`1 buffer, CancellationToken cancellationToken)
   at System.Runtime.CompilerServices.PoolingAsyncValueTaskMethodBuilder`1.StateMachineBox`1.System.Threading.Tasks.Sources.IValueTaskSource<TResult>.GetResult(Int16 token)
   at System.Net.Http.HttpConnection.InitialFillAsync(Boolean async)
   at System.Net.Http.HttpConnection.SendAsync(HttpRequestMessage request, Boolean async, CancellationToken cancellationToken)
06/11/2025 08:27:07==>Cotizacion Invalida
   at Applet.Nat.Api.Br.Models.DocumentExp.GetCotizacion(String vivstrMoneda, DateTime vivdtm) in C:\Users\Jaco2701\Documents\Visual Studio Projects\Nat\Nat.Api\Models\BR\DocumentExp.cs:line 175
   at Applet.Nat.Api.Controllers.MiscController.Statics() in C:\Users\Jaco2701\Documents\Visual Studio Projects\Nat\Nat.Api\Controllers\MiscController.cs:line 47
06/11/2025 08:27:07==>Valor de Lista FORMAT:dtmwsmtxca no encontrado
   at Applet.Nat.Api.Static.ListHelper.GetValue(String vivcodType, String vivcodId, NatContext vioContext) in C:\Users\Jaco2701\Documents\Visual Studio Projects\Nat\Nat.Api\Static\ListHelper.cs:line 26
   at Applet.Nat.Api.Models.Afip.AfipService.get_ivstrDateformat() in C:\Users\Jaco2701\Documents\Visual Studio Projects\Nat\Nat.Api\Models\Afip\AfipService.cs:line 74
   at Applet.Nat.BR.DocumentMTXCA.GetCotizacion(String vivstrMoneda, DateTime vivdtm) in C:\Users\Jaco2701\Documents\Visual Studio Projects\Nat\Nat.Api\Models\BR\DocumentMtxca.cs:line 540
06/11/2025 08:27:07==>Cotizacion Invalida
   at Applet.Nat.BR.DocumentMTXCA.GetCotizacion(String vivstrMoneda, DateTime vivdtm) in C:\Users\Jaco2701\Documents\Visual Studio Projects\Nat\Nat.Api\Models\BR\DocumentMtxca.cs:line 566
   at Applet.Nat.Api.Controllers.MiscController.Statics() in C:\Users\Jaco2701\Documents\Visual Studio Projects\Nat\Nat.Api\Controllers\MiscController.cs:line 67
