02/09/2025 06:05:49==>Linea 132: Fecha de Comprobante asociado INVALIDA

   at Applet.Nat.Api.Br.Models.InDocumentTXT.ToDocumentUser() in C:\Users\Jaco2701\Documents\Visual Studio Projects\Nat\Nat.API\Models\BR\InDocumentTXT.cs:line 526
02/09/2025 06:13:53==>Linea 51: Cantidad Imponible no Encontrada o con forrmato erroneo.
Linea 51: Precio Unitario no Encontrado o con forrmato erroneo.

   at Applet.Nat.Api.Br.Models.InDocumentTXT.ToDocumentUser() in C:\Users\Jaco2701\Documents\Visual Studio Projects\Nat\Nat.API\Models\BR\InDocumentTXT.cs:line 943
02/09/2025 03:38:36==>Fecha de Comprobante INVALIDA (yyyy-MM-dd)

   at Applet.Nat.Api.Br.Models.InDocumentTXT.ToDocumentUser() in C:\Users\Jaco2701\Documents\Visual Studio Projects\Nat\Nat.api\Models\BR\InDocumentTXT.cs:line 933
02/09/2025 03:47:57==>Fecha de Comprobante INVALIDA (yyyy-MM-dd)

   at Applet.Nat.Api.Br.Models.InDocumentTXT.ToDocumentUser() in C:\Users\Jaco2701\Documents\Visual Studio Projects\Nat\Nat.api\Models\BR\InDocumentTXT.cs:line 933
02/09/2025 03:55:58==>Fecha de Comprobante INVALIDA (yyyy-MM-dd)

   at Applet.Nat.Api.Br.Models.InDocumentTXT.ToDocumentUser() in C:\Users\Jaco2701\Documents\Visual Studio Projects\Nat\Nat.api\Models\BR\InDocumentTXT.cs:line 933
02/09/2025 04:07:30==>Fecha de Comprobante INVALIDA (yyyy-MM-dd)

   at Applet.Nat.Api.Br.Models.InDocumentTXT.ToDocumentUser() in C:\Users\Jaco2701\Documents\Visual Studio Projects\Nat\Nat.api\Models\BR\InDocumentTXT.cs:line 933
02/09/2025 04:17:32==>Fecha de Comprobante INVALIDA (yyyy-MM-dd)

   at Applet.Nat.Api.Br.Models.InDocumentTXT.ToDocumentUser() in C:\Users\Jaco2701\Documents\Visual Studio Projects\Nat\Nat.api\Models\BR\InDocumentTXT.cs:line 933
02/09/2025 04:35:57==>Fecha de Comprobante INVALIDA (yyyy-MM-dd)

   at Applet.Nat.Api.Br.Models.InDocumentTXT.ToDocumentUser() in C:\Users\Jaco2701\Documents\Visual Studio Projects\Nat\Nat.api\Models\BR\InDocumentTXT.cs:line 933
02/09/2025 04:42:45==>Fecha de Comprobante INVALIDA (yyyy-MM-dd)

   at Applet.Nat.Api.Br.Models.InDocumentTXT.ToDocumentUser() in C:\Users\Jaco2701\Documents\Visual Studio Projects\Nat\Nat.api\Models\BR\InDocumentTXT.cs:line 933
02/09/2025 04:45:09==>Fecha de Comprobante INVALIDA (yyyy-MM-dd)

   at Applet.Nat.Api.Br.Models.InDocumentTXT.ToDocumentUser() in C:\Users\Jaco2701\Documents\Visual Studio Projects\Nat\Nat.api\Models\BR\InDocumentTXT.cs:line 933
02/09/2025 05:28:25==>Fecha de Comprobante INVALIDA (yyyy-MM-dd)

   at Applet.Nat.Api.Br.Models.InDocumentTXT.ToDocumentUser() in C:\Users\Jaco2701\Documents\Visual Studio Projects\Nat\Nat.api\Models\BR\InDocumentTXT.cs:line 933
02/09/2025 05:31:05==>Fecha de Comprobante INVALIDA (yyyy-MM-dd)

   at Applet.Nat.Api.Br.Models.InDocumentTXT.ToDocumentUser() in C:\Users\Jaco2701\Documents\Visual Studio Projects\Nat\Nat.api\Models\BR\InDocumentTXT.cs:line 933
02/09/2025 05:35:35==>Fecha de Comprobante INVALIDA (yyyy-MM-dd)

   at Applet.Nat.Api.Br.Models.InDocumentTXT.ToDocumentUser() in C:\Users\Jaco2701\Documents\Visual Studio Projects\Nat\Nat.api\Models\BR\InDocumentTXT.cs:line 933
02/09/2025 05:36:38==>Fecha de Comprobante INVALIDA (yyyy-MM-dd)

   at Applet.Nat.Api.Br.Models.InDocumentTXT.ToDocumentUser() in C:\Users\Jaco2701\Documents\Visual Studio Projects\Nat\Nat.api\Models\BR\InDocumentTXT.cs:line 933
02/09/2025 05:38:12==>Fecha de Comprobante INVALIDA (yyyy-MM-dd)

   at Applet.Nat.Api.Br.Models.InDocumentTXT.ToDocumentUser() in C:\Users\Jaco2701\Documents\Visual Studio Projects\Nat\Nat.api\Models\BR\InDocumentTXT.cs:line 933
02/09/2025 05:38:56==>The archive entry was compressed using an unsupported compression method.
   at System.IO.Compression.Inflater.Inflate(FlushCode flushCode)
   at System.IO.Compression.Inflater.ReadInflateOutput(Byte* bufPtr, Int32 length, FlushCode flushCode, Int32& bytesRead)
   at System.IO.Compression.Inflater.ReadOutput(Byte* bufPtr, Int32 length, Int32& bytesRead)
   at System.IO.Compression.Inflater.InflateVerified(Byte* bufPtr, Int32 length)
   at System.IO.Compression.DeflateStream.CopyToStream.Write(Byte[] buffer, Int32 offset, Int32 count)
   at System.IO.Compression.DeflateStream.CopyToStream.CopyFromSourceToDestination()
   at Applet.Nat.Api.Static.Format.UnCompress2(String value) in C:\Users\Jaco2701\Documents\Visual Studio Projects\Nat\Nat.api\Static\Format.cs:line 370
   at Applet.Nat.Api.Static.Format.UnCompress(String vivstr, Encoding vioEncoding) in C:\Users\Jaco2701\Documents\Visual Studio Projects\Nat\Nat.api\Static\Format.cs:line 360
   at Applet.Nat.Api.Br.Models.InDocumentXML.ToDocumentUser() in C:\Users\Jaco2701\Documents\Visual Studio Projects\Nat\Nat.api\Models\BR\InDocumentXML.cs:line 34
02/09/2025 05:38:56==>Fecha de Comprobante INVALIDA (yyyy-MM-dd)

   at Applet.Nat.Api.Br.Models.InDocumentTXT.ToDocumentUser() in C:\Users\Jaco2701\Documents\Visual Studio Projects\Nat\Nat.api\Models\BR\InDocumentTXT.cs:line 933
02/09/2025 05:38:56==>Informacion de Autorizacion no puede modificarse
   at Applet.Nat.Api.Br.Models.Document.Save() in C:\Users\Jaco2701\Documents\Visual Studio Projects\Nat\Nat.api\Models\BR\Document.cs:line 142
   at Applet.Nat.Api.Static.Queue.UploadDocument(DocumentsUploadRequest vioDocumentsUpload, IConfiguration vioConfiguration) in C:\Users\Jaco2701\Documents\Visual Studio Projects\Nat\Nat.api\Static\Queue.cs:line 290
02/09/2025 05:39:37==>The archive entry was compressed using an unsupported compression method.
   at System.IO.Compression.Inflater.Inflate(FlushCode flushCode)
   at System.IO.Compression.Inflater.ReadInflateOutput(Byte* bufPtr, Int32 length, FlushCode flushCode, Int32& bytesRead)
   at System.IO.Compression.Inflater.ReadOutput(Byte* bufPtr, Int32 length, Int32& bytesRead)
   at System.IO.Compression.Inflater.InflateVerified(Byte* bufPtr, Int32 length)
   at System.IO.Compression.DeflateStream.CopyToStream.Write(Byte[] buffer, Int32 offset, Int32 count)
   at System.IO.Compression.DeflateStream.CopyToStream.CopyFromSourceToDestination()
   at Applet.Nat.Api.Static.Format.UnCompress2(String value) in C:\Users\Jaco2701\Documents\Visual Studio Projects\Nat\Nat.api\Static\Format.cs:line 370
   at Applet.Nat.Api.Static.Format.UnCompress(String vivstr, Encoding vioEncoding) in C:\Users\Jaco2701\Documents\Visual Studio Projects\Nat\Nat.api\Static\Format.cs:line 360
   at Applet.Nat.Api.Br.Models.InDocumentXML.ToDocumentUser() in C:\Users\Jaco2701\Documents\Visual Studio Projects\Nat\Nat.api\Models\BR\InDocumentXML.cs:line 34
02/09/2025 05:40:26==>Correo Electronico Invalido
   at Applet.Nat.Api.Br.Models.Document.Share() in C:\Users\Jaco2701\Documents\Visual Studio Projects\Nat\Nat.api\Models\BR\Document.cs:line 192
02/09/2025 05:41:39==>The archive entry was compressed using an unsupported compression method.
   at System.IO.Compression.Inflater.Inflate(FlushCode flushCode)
   at System.IO.Compression.Inflater.ReadInflateOutput(Byte* bufPtr, Int32 length, FlushCode flushCode, Int32& bytesRead)
   at System.IO.Compression.Inflater.ReadOutput(Byte* bufPtr, Int32 length, Int32& bytesRead)
   at System.IO.Compression.Inflater.InflateVerified(Byte* bufPtr, Int32 length)
   at System.IO.Compression.DeflateStream.CopyToStream.Write(Byte[] buffer, Int32 offset, Int32 count)
   at System.IO.Compression.DeflateStream.CopyToStream.CopyFromSourceToDestination()
   at Applet.Nat.Api.Static.Format.UnCompress2(String value) in C:\Users\Jaco2701\Documents\Visual Studio Projects\Nat\Nat.api\Static\Format.cs:line 370
   at Applet.Nat.Api.Static.Format.UnCompress(String vivstr, Encoding vioEncoding) in C:\Users\Jaco2701\Documents\Visual Studio Projects\Nat\Nat.api\Static\Format.cs:line 360
   at Applet.Nat.Api.Br.Models.InDocumentXML.ToDocumentUser() in C:\Users\Jaco2701\Documents\Visual Studio Projects\Nat\Nat.api\Models\BR\InDocumentXML.cs:line 34
02/09/2025 05:41:46==>Error en Consulta de CAE: {0}-{1}
   at Applet.Nat.Api.Br.Models.DocumentExp.GetAuth() in C:\Users\Jaco2701\Documents\Visual Studio Projects\Nat\Nat.api\Models\BR\DocumentExp.cs:line 452
   at Applet.Nat.Api.Br.Models.Document.SendResponse() in C:\Users\Jaco2701\Documents\Visual Studio Projects\Nat\Nat.api\Models\BR\Document.cs:line 294
   at Applet.Nat.Api.Br.Models.Document.Auth() in C:\Users\Jaco2701\Documents\Visual Studio Projects\Nat\Nat.api\Models\BR\Document.cs:line 272
02/09/2025 05:42:14==>The archive entry was compressed using an unsupported compression method.
   at System.IO.Compression.Inflater.Inflate(FlushCode flushCode)
   at System.IO.Compression.Inflater.ReadInflateOutput(Byte* bufPtr, Int32 length, FlushCode flushCode, Int32& bytesRead)
   at System.IO.Compression.Inflater.ReadOutput(Byte* bufPtr, Int32 length, Int32& bytesRead)
   at System.IO.Compression.Inflater.InflateVerified(Byte* bufPtr, Int32 length)
   at System.IO.Compression.DeflateStream.CopyToStream.Write(Byte[] buffer, Int32 offset, Int32 count)
   at System.IO.Compression.DeflateStream.CopyToStream.CopyFromSourceToDestination()
   at Applet.Nat.Api.Static.Format.UnCompress2(String value) in C:\Users\Jaco2701\Documents\Visual Studio Projects\Nat\Nat.api\Static\Format.cs:line 370
   at Applet.Nat.Api.Static.Format.UnCompress(String vivstr, Encoding vioEncoding) in C:\Users\Jaco2701\Documents\Visual Studio Projects\Nat\Nat.api\Static\Format.cs:line 360
   at Applet.Nat.Api.Br.Models.InDocumentXML.ToDocumentUser() in C:\Users\Jaco2701\Documents\Visual Studio Projects\Nat\Nat.api\Models\BR\InDocumentXML.cs:line 34
02/09/2025 05:42:17==>Error en Consulta de CAE: {0}-{1}
   at Applet.Nat.Api.Br.Models.DocumentExp.GetAuth() in C:\Users\Jaco2701\Documents\Visual Studio Projects\Nat\Nat.api\Models\BR\DocumentExp.cs:line 473
   at Applet.Nat.Api.Br.Models.Document.SendResponse() in C:\Users\Jaco2701\Documents\Visual Studio Projects\Nat\Nat.api\Models\BR\Document.cs:line 294
   at Applet.Nat.Api.Br.Models.Document.Auth() in C:\Users\Jaco2701\Documents\Visual Studio Projects\Nat\Nat.api\Models\BR\Document.cs:line 272
