30/10/2025 03:20:50==>An error occurred while sending the request.
   at System.Runtime.AsyncResult.End[TAsyncResult](IAsyncResult result)
   at System.ServiceModel.Channels.ServiceChannel.SendAsyncResult.End(SendAsyncResult result)
   at System.ServiceModel.Channels.ServiceChannel.EndCall(String action, Object[] outs, IAsyncResult result)
   at System.ServiceModel.Channels.ServiceChannelProxy.TaskCreator.<>c__DisplayClass1_0.<CreateGenericTask>b__0(IAsyncResult asyncResult)
--- End of stack trace from previous location ---
   at Applet.Nat.Api.Br.Models.DocumentExp.GetCotizacion(String vivstrMoneda, DateTime vivdtm) in C:\Users\Jaco2701\Documents\Visual Studio Projects\Nat\Nat.api\Models\BR\DocumentExp.cs:line 156
An error occurred while sending the request.
   at System.Net.Http.HttpConnection.SendAsync(HttpRequestMessage request, Boolean async, CancellationToken cancellationToken)
   at System.Net.Http.HttpConnectionPool.SendWithVersionDetectionAndRetryAsync(HttpRequestMessage request, Boolean async, Boolean doRequestAuth, CancellationToken cancellationToken)
   at System.Net.Http.DiagnosticsHandler.SendAsyncCore(HttpRequestMessage request, Boolean async, CancellationToken cancellationToken)
   at System.Net.Http.RedirectHandler.SendAsync(HttpRequestMessage request, Boolean async, CancellationToken cancellationToken)
   at System.Net.Http.DecompressionHandler.SendAsync(HttpRequestMessage request, Boolean async, CancellationToken cancellationToken)
   at System.Net.Http.HttpClient.<SendAsync>g__Core|83_0(HttpRequestMessage request, HttpCompletionOption completionOption, CancellationTokenSource cts, Boolean disposeCts, CancellationTokenSource pendingRequestsCts, CancellationToken originalCancellationToken)
   at System.ServiceModel.Channels.HttpChannelFactory`1.HttpClientRequestChannel.HttpClientChannelAsyncRequest.SendRequestAsync(Message message, TimeoutHelper timeoutHelper)
Unable to read data from the transport connection: An existing connection was forcibly closed by the remote host..
   at System.Net.Sockets.Socket.AwaitableSocketAsyncEventArgs.ThrowException(SocketError error, CancellationToken cancellationToken)
   at System.Net.Sockets.Socket.AwaitableSocketAsyncEventArgs.System.Threading.Tasks.Sources.IValueTaskSource<System.Int32>.GetResult(Int16 token)
   at System.Net.Security.SslStream.EnsureFullTlsFrameAsync[TIOAdapter](CancellationToken cancellationToken, Int32 estimatedSize)
   at System.Runtime.CompilerServices.PoolingAsyncValueTaskMethodBuilder`1.StateMachineBox`1.System.Threading.Tasks.Sources.IValueTaskSource<TResult>.GetResult(Int16 token)
   at System.Net.Security.SslStream.ReadAsyncInternal[TIOAdapter](Memory`1 buffer, CancellationToken cancellationToken)
   at System.Runtime.CompilerServices.PoolingAsyncValueTaskMethodBuilder`1.StateMachineBox`1.System.Threading.Tasks.Sources.IValueTaskSource<TResult>.GetResult(Int16 token)
   at System.Net.Http.HttpConnection.InitialFillAsync(Boolean async)
   at System.Net.Http.HttpConnection.SendAsync(HttpRequestMessage request, Boolean async, CancellationToken cancellationToken)
30/10/2025 03:20:50==>Cotizacion Invalida
   at Applet.Nat.Api.Br.Models.DocumentExp.GetCotizacion(String vivstrMoneda, DateTime vivdtm) in C:\Users\Jaco2701\Documents\Visual Studio Projects\Nat\Nat.api\Models\BR\DocumentExp.cs:line 175
   at Applet.Nat.Api.Controllers.MiscController.Statics() in C:\Users\Jaco2701\Documents\Visual Studio Projects\Nat\Nat.api\Controllers\MiscController.cs:line 45
30/10/2025 03:20:50==>Valor de Lista FORMAT:dtmwsmtxca no encontrado
   at Applet.Nat.Api.Static.ListHelper.GetValue(String vivcodType, String vivcodId, NatContext vioContext) in C:\Users\Jaco2701\Documents\Visual Studio Projects\Nat\Nat.api\Static\ListHelper.cs:line 26
   at Applet.Nat.Api.Models.Afip.AfipService.get_ivstrDateformat() in C:\Users\Jaco2701\Documents\Visual Studio Projects\Nat\Nat.api\Models\Afip\AfipService.cs:line 74
   at Applet.Nat.BR.DocumentMTXCA.GetCotizacion(String vivstrMoneda, DateTime vivdtm) in C:\Users\Jaco2701\Documents\Visual Studio Projects\Nat\Nat.api\Models\BR\DocumentMtxca.cs:line 540
30/10/2025 03:20:50==>Cotizacion Invalida
   at Applet.Nat.BR.DocumentMTXCA.GetCotizacion(String vivstrMoneda, DateTime vivdtm) in C:\Users\Jaco2701\Documents\Visual Studio Projects\Nat\Nat.api\Models\BR\DocumentMtxca.cs:line 566
   at Applet.Nat.Api.Controllers.MiscController.Statics() in C:\Users\Jaco2701\Documents\Visual Studio Projects\Nat\Nat.api\Controllers\MiscController.cs:line 65
30/10/2025 03:20:50==>An error occurred while sending the request.
   at System.Runtime.AsyncResult.End[TAsyncResult](IAsyncResult result)
   at System.ServiceModel.Channels.ServiceChannel.SendAsyncResult.End(SendAsyncResult result)
   at System.ServiceModel.Channels.ServiceChannel.EndCall(String action, Object[] outs, IAsyncResult result)
   at System.ServiceModel.Channels.ServiceChannelProxy.TaskCreator.<>c__DisplayClass1_0.<CreateGenericTask>b__0(IAsyncResult asyncResult)
--- End of stack trace from previous location ---
   at Applet.Nat.Api.Br.Models.DocumentExp.GetCotizacion(String vivstrMoneda, DateTime vivdtm) in C:\Users\Jaco2701\Documents\Visual Studio Projects\Nat\Nat.api\Models\BR\DocumentExp.cs:line 156
An error occurred while sending the request.
   at System.Net.Http.HttpConnection.SendAsync(HttpRequestMessage request, Boolean async, CancellationToken cancellationToken)
   at System.Net.Http.HttpConnectionPool.SendWithVersionDetectionAndRetryAsync(HttpRequestMessage request, Boolean async, Boolean doRequestAuth, CancellationToken cancellationToken)
   at System.Net.Http.DiagnosticsHandler.SendAsyncCore(HttpRequestMessage request, Boolean async, CancellationToken cancellationToken)
   at System.Net.Http.RedirectHandler.SendAsync(HttpRequestMessage request, Boolean async, CancellationToken cancellationToken)
   at System.Net.Http.DecompressionHandler.SendAsync(HttpRequestMessage request, Boolean async, CancellationToken cancellationToken)
   at System.Net.Http.HttpClient.<SendAsync>g__Core|83_0(HttpRequestMessage request, HttpCompletionOption completionOption, CancellationTokenSource cts, Boolean disposeCts, CancellationTokenSource pendingRequestsCts, CancellationToken originalCancellationToken)
   at System.ServiceModel.Channels.HttpChannelFactory`1.HttpClientRequestChannel.HttpClientChannelAsyncRequest.SendRequestAsync(Message message, TimeoutHelper timeoutHelper)
Unable to read data from the transport connection: An existing connection was forcibly closed by the remote host..
   at System.Net.Sockets.Socket.AwaitableSocketAsyncEventArgs.ThrowException(SocketError error, CancellationToken cancellationToken)
   at System.Net.Sockets.Socket.AwaitableSocketAsyncEventArgs.System.Threading.Tasks.Sources.IValueTaskSource<System.Int32>.GetResult(Int16 token)
   at System.Net.Security.SslStream.EnsureFullTlsFrameAsync[TIOAdapter](CancellationToken cancellationToken, Int32 estimatedSize)
   at System.Runtime.CompilerServices.PoolingAsyncValueTaskMethodBuilder`1.StateMachineBox`1.System.Threading.Tasks.Sources.IValueTaskSource<TResult>.GetResult(Int16 token)
   at System.Net.Security.SslStream.ReadAsyncInternal[TIOAdapter](Memory`1 buffer, CancellationToken cancellationToken)
   at System.Runtime.CompilerServices.PoolingAsyncValueTaskMethodBuilder`1.StateMachineBox`1.System.Threading.Tasks.Sources.IValueTaskSource<TResult>.GetResult(Int16 token)
   at System.Net.Http.HttpConnection.InitialFillAsync(Boolean async)
   at System.Net.Http.HttpConnection.SendAsync(HttpRequestMessage request, Boolean async, CancellationToken cancellationToken)
30/10/2025 03:20:50==>Cotizacion Invalida
   at Applet.Nat.Api.Br.Models.DocumentExp.GetCotizacion(String vivstrMoneda, DateTime vivdtm) in C:\Users\Jaco2701\Documents\Visual Studio Projects\Nat\Nat.api\Models\BR\DocumentExp.cs:line 175
   at Applet.Nat.Api.Controllers.MiscController.Statics() in C:\Users\Jaco2701\Documents\Visual Studio Projects\Nat\Nat.api\Controllers\MiscController.cs:line 45
30/10/2025 03:20:51==>Valor de Lista FORMAT:dtmwsmtxca no encontrado
   at Applet.Nat.Api.Static.ListHelper.GetValue(String vivcodType, String vivcodId, NatContext vioContext) in C:\Users\Jaco2701\Documents\Visual Studio Projects\Nat\Nat.api\Static\ListHelper.cs:line 26
   at Applet.Nat.Api.Models.Afip.AfipService.get_ivstrDateformat() in C:\Users\Jaco2701\Documents\Visual Studio Projects\Nat\Nat.api\Models\Afip\AfipService.cs:line 74
   at Applet.Nat.BR.DocumentMTXCA.GetCotizacion(String vivstrMoneda, DateTime vivdtm) in C:\Users\Jaco2701\Documents\Visual Studio Projects\Nat\Nat.api\Models\BR\DocumentMtxca.cs:line 540
30/10/2025 03:20:51==>Cotizacion Invalida
   at Applet.Nat.BR.DocumentMTXCA.GetCotizacion(String vivstrMoneda, DateTime vivdtm) in C:\Users\Jaco2701\Documents\Visual Studio Projects\Nat\Nat.api\Models\BR\DocumentMtxca.cs:line 566
   at Applet.Nat.Api.Controllers.MiscController.Statics() in C:\Users\Jaco2701\Documents\Visual Studio Projects\Nat\Nat.api\Controllers\MiscController.cs:line 65
30/10/2025 03:20:51==>An error occurred while sending the request.
   at System.Runtime.AsyncResult.End[TAsyncResult](IAsyncResult result)
   at System.ServiceModel.Channels.ServiceChannel.SendAsyncResult.End(SendAsyncResult result)
   at System.ServiceModel.Channels.ServiceChannel.EndCall(String action, Object[] outs, IAsyncResult result)
   at System.ServiceModel.Channels.ServiceChannelProxy.TaskCreator.<>c__DisplayClass1_0.<CreateGenericTask>b__0(IAsyncResult asyncResult)
--- End of stack trace from previous location ---
   at Applet.Nat.Api.Br.Models.DocumentExp.GetCotizacion(String vivstrMoneda, DateTime vivdtm) in C:\Users\Jaco2701\Documents\Visual Studio Projects\Nat\Nat.api\Models\BR\DocumentExp.cs:line 156
An error occurred while sending the request.
   at System.Net.Http.HttpConnection.SendAsync(HttpRequestMessage request, Boolean async, CancellationToken cancellationToken)
   at System.Net.Http.HttpConnectionPool.SendWithVersionDetectionAndRetryAsync(HttpRequestMessage request, Boolean async, Boolean doRequestAuth, CancellationToken cancellationToken)
   at System.Net.Http.DiagnosticsHandler.SendAsyncCore(HttpRequestMessage request, Boolean async, CancellationToken cancellationToken)
   at System.Net.Http.RedirectHandler.SendAsync(HttpRequestMessage request, Boolean async, CancellationToken cancellationToken)
   at System.Net.Http.DecompressionHandler.SendAsync(HttpRequestMessage request, Boolean async, CancellationToken cancellationToken)
   at System.Net.Http.HttpClient.<SendAsync>g__Core|83_0(HttpRequestMessage request, HttpCompletionOption completionOption, CancellationTokenSource cts, Boolean disposeCts, CancellationTokenSource pendingRequestsCts, CancellationToken originalCancellationToken)
   at System.ServiceModel.Channels.HttpChannelFactory`1.HttpClientRequestChannel.HttpClientChannelAsyncRequest.SendRequestAsync(Message message, TimeoutHelper timeoutHelper)
Unable to read data from the transport connection: An existing connection was forcibly closed by the remote host..
   at System.Net.Sockets.Socket.AwaitableSocketAsyncEventArgs.ThrowException(SocketError error, CancellationToken cancellationToken)
   at System.Net.Sockets.Socket.AwaitableSocketAsyncEventArgs.System.Threading.Tasks.Sources.IValueTaskSource<System.Int32>.GetResult(Int16 token)
   at System.Net.Security.SslStream.EnsureFullTlsFrameAsync[TIOAdapter](CancellationToken cancellationToken, Int32 estimatedSize)
   at System.Runtime.CompilerServices.PoolingAsyncValueTaskMethodBuilder`1.StateMachineBox`1.System.Threading.Tasks.Sources.IValueTaskSource<TResult>.GetResult(Int16 token)
   at System.Net.Security.SslStream.ReadAsyncInternal[TIOAdapter](Memory`1 buffer, CancellationToken cancellationToken)
   at System.Runtime.CompilerServices.PoolingAsyncValueTaskMethodBuilder`1.StateMachineBox`1.System.Threading.Tasks.Sources.IValueTaskSource<TResult>.GetResult(Int16 token)
   at System.Net.Http.HttpConnection.InitialFillAsync(Boolean async)
   at System.Net.Http.HttpConnection.SendAsync(HttpRequestMessage request, Boolean async, CancellationToken cancellationToken)
30/10/2025 03:20:51==>Cotizacion Invalida
   at Applet.Nat.Api.Br.Models.DocumentExp.GetCotizacion(String vivstrMoneda, DateTime vivdtm) in C:\Users\Jaco2701\Documents\Visual Studio Projects\Nat\Nat.api\Models\BR\DocumentExp.cs:line 175
   at Applet.Nat.Api.Controllers.MiscController.Statics() in C:\Users\Jaco2701\Documents\Visual Studio Projects\Nat\Nat.api\Controllers\MiscController.cs:line 45
30/10/2025 03:20:51==>Valor de Lista FORMAT:dtmwsmtxca no encontrado
   at Applet.Nat.Api.Static.ListHelper.GetValue(String vivcodType, String vivcodId, NatContext vioContext) in C:\Users\Jaco2701\Documents\Visual Studio Projects\Nat\Nat.api\Static\ListHelper.cs:line 26
   at Applet.Nat.Api.Models.Afip.AfipService.get_ivstrDateformat() in C:\Users\Jaco2701\Documents\Visual Studio Projects\Nat\Nat.api\Models\Afip\AfipService.cs:line 74
   at Applet.Nat.BR.DocumentMTXCA.GetCotizacion(String vivstrMoneda, DateTime vivdtm) in C:\Users\Jaco2701\Documents\Visual Studio Projects\Nat\Nat.api\Models\BR\DocumentMtxca.cs:line 540
30/10/2025 03:20:51==>Cotizacion Invalida
   at Applet.Nat.BR.DocumentMTXCA.GetCotizacion(String vivstrMoneda, DateTime vivdtm) in C:\Users\Jaco2701\Documents\Visual Studio Projects\Nat\Nat.api\Models\BR\DocumentMtxca.cs:line 566
   at Applet.Nat.Api.Controllers.MiscController.Statics() in C:\Users\Jaco2701\Documents\Visual Studio Projects\Nat\Nat.api\Controllers\MiscController.cs:line 65
30/10/2025 03:21:23==>An error occurred while sending the request.
   at System.Runtime.AsyncResult.End[TAsyncResult](IAsyncResult result)
   at System.ServiceModel.Channels.ServiceChannel.SendAsyncResult.End(SendAsyncResult result)
   at System.ServiceModel.Channels.ServiceChannel.EndCall(String action, Object[] outs, IAsyncResult result)
   at System.ServiceModel.Channels.ServiceChannelProxy.TaskCreator.<>c__DisplayClass1_0.<CreateGenericTask>b__0(IAsyncResult asyncResult)
--- End of stack trace from previous location ---
   at Applet.Nat.Api.Br.Models.DocumentExp.GetCotizacion(String vivstrMoneda, DateTime vivdtm) in C:\Users\Jaco2701\Documents\Visual Studio Projects\Nat\Nat.api\Models\BR\DocumentExp.cs:line 156
An error occurred while sending the request.
   at System.Net.Http.HttpConnection.SendAsync(HttpRequestMessage request, Boolean async, CancellationToken cancellationToken)
   at System.Net.Http.HttpConnectionPool.SendWithVersionDetectionAndRetryAsync(HttpRequestMessage request, Boolean async, Boolean doRequestAuth, CancellationToken cancellationToken)
   at System.Net.Http.DiagnosticsHandler.SendAsyncCore(HttpRequestMessage request, Boolean async, CancellationToken cancellationToken)
   at System.Net.Http.RedirectHandler.SendAsync(HttpRequestMessage request, Boolean async, CancellationToken cancellationToken)
   at System.Net.Http.DecompressionHandler.SendAsync(HttpRequestMessage request, Boolean async, CancellationToken cancellationToken)
   at System.Net.Http.HttpClient.<SendAsync>g__Core|83_0(HttpRequestMessage request, HttpCompletionOption completionOption, CancellationTokenSource cts, Boolean disposeCts, CancellationTokenSource pendingRequestsCts, CancellationToken originalCancellationToken)
   at System.ServiceModel.Channels.HttpChannelFactory`1.HttpClientRequestChannel.HttpClientChannelAsyncRequest.SendRequestAsync(Message message, TimeoutHelper timeoutHelper)
Unable to read data from the transport connection: An existing connection was forcibly closed by the remote host..
   at System.Net.Sockets.Socket.AwaitableSocketAsyncEventArgs.ThrowException(SocketError error, CancellationToken cancellationToken)
   at System.Net.Sockets.Socket.AwaitableSocketAsyncEventArgs.System.Threading.Tasks.Sources.IValueTaskSource<System.Int32>.GetResult(Int16 token)
   at System.Net.Security.SslStream.EnsureFullTlsFrameAsync[TIOAdapter](CancellationToken cancellationToken, Int32 estimatedSize)
   at System.Runtime.CompilerServices.PoolingAsyncValueTaskMethodBuilder`1.StateMachineBox`1.System.Threading.Tasks.Sources.IValueTaskSource<TResult>.GetResult(Int16 token)
   at System.Net.Security.SslStream.ReadAsyncInternal[TIOAdapter](Memory`1 buffer, CancellationToken cancellationToken)
   at System.Runtime.CompilerServices.PoolingAsyncValueTaskMethodBuilder`1.StateMachineBox`1.System.Threading.Tasks.Sources.IValueTaskSource<TResult>.GetResult(Int16 token)
   at System.Net.Http.HttpConnection.InitialFillAsync(Boolean async)
   at System.Net.Http.HttpConnection.SendAsync(HttpRequestMessage request, Boolean async, CancellationToken cancellationToken)
30/10/2025 03:21:23==>Cotizacion Invalida
   at Applet.Nat.Api.Br.Models.DocumentExp.GetCotizacion(String vivstrMoneda, DateTime vivdtm) in C:\Users\Jaco2701\Documents\Visual Studio Projects\Nat\Nat.api\Models\BR\DocumentExp.cs:line 175
   at Applet.Nat.Api.Controllers.MiscController.Statics() in C:\Users\Jaco2701\Documents\Visual Studio Projects\Nat\Nat.api\Controllers\MiscController.cs:line 45
30/10/2025 03:21:23==>Valor de Lista FORMAT:dtmwsmtxca no encontrado
   at Applet.Nat.Api.Static.ListHelper.GetValue(String vivcodType, String vivcodId, NatContext vioContext) in C:\Users\Jaco2701\Documents\Visual Studio Projects\Nat\Nat.api\Static\ListHelper.cs:line 26
   at Applet.Nat.Api.Models.Afip.AfipService.get_ivstrDateformat() in C:\Users\Jaco2701\Documents\Visual Studio Projects\Nat\Nat.api\Models\Afip\AfipService.cs:line 74
   at Applet.Nat.BR.DocumentMTXCA.GetCotizacion(String vivstrMoneda, DateTime vivdtm) in C:\Users\Jaco2701\Documents\Visual Studio Projects\Nat\Nat.api\Models\BR\DocumentMtxca.cs:line 540
30/10/2025 03:21:23==>Cotizacion Invalida
   at Applet.Nat.BR.DocumentMTXCA.GetCotizacion(String vivstrMoneda, DateTime vivdtm) in C:\Users\Jaco2701\Documents\Visual Studio Projects\Nat\Nat.api\Models\BR\DocumentMtxca.cs:line 566
   at Applet.Nat.Api.Controllers.MiscController.Statics() in C:\Users\Jaco2701\Documents\Visual Studio Projects\Nat\Nat.api\Controllers\MiscController.cs:line 65
30/10/2025 03:21:24==>An error occurred while sending the request.
   at System.Runtime.AsyncResult.End[TAsyncResult](IAsyncResult result)
   at System.ServiceModel.Channels.ServiceChannel.SendAsyncResult.End(SendAsyncResult result)
   at System.ServiceModel.Channels.ServiceChannel.EndCall(String action, Object[] outs, IAsyncResult result)
   at System.ServiceModel.Channels.ServiceChannelProxy.TaskCreator.<>c__DisplayClass1_0.<CreateGenericTask>b__0(IAsyncResult asyncResult)
--- End of stack trace from previous location ---
   at Applet.Nat.Api.Br.Models.DocumentExp.GetCotizacion(String vivstrMoneda, DateTime vivdtm) in C:\Users\Jaco2701\Documents\Visual Studio Projects\Nat\Nat.api\Models\BR\DocumentExp.cs:line 156
An error occurred while sending the request.
   at System.Net.Http.HttpConnection.SendAsync(HttpRequestMessage request, Boolean async, CancellationToken cancellationToken)
   at System.Net.Http.HttpConnectionPool.SendWithVersionDetectionAndRetryAsync(HttpRequestMessage request, Boolean async, Boolean doRequestAuth, CancellationToken cancellationToken)
   at System.Net.Http.DiagnosticsHandler.SendAsyncCore(HttpRequestMessage request, Boolean async, CancellationToken cancellationToken)
   at System.Net.Http.RedirectHandler.SendAsync(HttpRequestMessage request, Boolean async, CancellationToken cancellationToken)
   at System.Net.Http.DecompressionHandler.SendAsync(HttpRequestMessage request, Boolean async, CancellationToken cancellationToken)
   at System.Net.Http.HttpClient.<SendAsync>g__Core|83_0(HttpRequestMessage request, HttpCompletionOption completionOption, CancellationTokenSource cts, Boolean disposeCts, CancellationTokenSource pendingRequestsCts, CancellationToken originalCancellationToken)
   at System.ServiceModel.Channels.HttpChannelFactory`1.HttpClientRequestChannel.HttpClientChannelAsyncRequest.SendRequestAsync(Message message, TimeoutHelper timeoutHelper)
Unable to read data from the transport connection: An existing connection was forcibly closed by the remote host..
   at System.Net.Sockets.Socket.AwaitableSocketAsyncEventArgs.ThrowException(SocketError error, CancellationToken cancellationToken)
   at System.Net.Sockets.Socket.AwaitableSocketAsyncEventArgs.System.Threading.Tasks.Sources.IValueTaskSource<System.Int32>.GetResult(Int16 token)
   at System.Net.Security.SslStream.EnsureFullTlsFrameAsync[TIOAdapter](CancellationToken cancellationToken, Int32 estimatedSize)
   at System.Runtime.CompilerServices.PoolingAsyncValueTaskMethodBuilder`1.StateMachineBox`1.System.Threading.Tasks.Sources.IValueTaskSource<TResult>.GetResult(Int16 token)
   at System.Net.Security.SslStream.ReadAsyncInternal[TIOAdapter](Memory`1 buffer, CancellationToken cancellationToken)
   at System.Runtime.CompilerServices.PoolingAsyncValueTaskMethodBuilder`1.StateMachineBox`1.System.Threading.Tasks.Sources.IValueTaskSource<TResult>.GetResult(Int16 token)
   at System.Net.Http.HttpConnection.InitialFillAsync(Boolean async)
   at System.Net.Http.HttpConnection.SendAsync(HttpRequestMessage request, Boolean async, CancellationToken cancellationToken)
30/10/2025 03:21:24==>Cotizacion Invalida
   at Applet.Nat.Api.Br.Models.DocumentExp.GetCotizacion(String vivstrMoneda, DateTime vivdtm) in C:\Users\Jaco2701\Documents\Visual Studio Projects\Nat\Nat.api\Models\BR\DocumentExp.cs:line 175
   at Applet.Nat.Api.Controllers.MiscController.Statics() in C:\Users\Jaco2701\Documents\Visual Studio Projects\Nat\Nat.api\Controllers\MiscController.cs:line 45
30/10/2025 03:21:24==>Valor de Lista FORMAT:dtmwsmtxca no encontrado
   at Applet.Nat.Api.Static.ListHelper.GetValue(String vivcodType, String vivcodId, NatContext vioContext) in C:\Users\Jaco2701\Documents\Visual Studio Projects\Nat\Nat.api\Static\ListHelper.cs:line 26
   at Applet.Nat.Api.Models.Afip.AfipService.get_ivstrDateformat() in C:\Users\Jaco2701\Documents\Visual Studio Projects\Nat\Nat.api\Models\Afip\AfipService.cs:line 74
   at Applet.Nat.BR.DocumentMTXCA.GetCotizacion(String vivstrMoneda, DateTime vivdtm) in C:\Users\Jaco2701\Documents\Visual Studio Projects\Nat\Nat.api\Models\BR\DocumentMtxca.cs:line 540
30/10/2025 03:21:24==>Cotizacion Invalida
   at Applet.Nat.BR.DocumentMTXCA.GetCotizacion(String vivstrMoneda, DateTime vivdtm) in C:\Users\Jaco2701\Documents\Visual Studio Projects\Nat\Nat.api\Models\BR\DocumentMtxca.cs:line 566
   at Applet.Nat.Api.Controllers.MiscController.Statics() in C:\Users\Jaco2701\Documents\Visual Studio Projects\Nat\Nat.api\Controllers\MiscController.cs:line 65
30/10/2025 03:21:24==>An error occurred while sending the request.
   at System.Runtime.AsyncResult.End[TAsyncResult](IAsyncResult result)
   at System.ServiceModel.Channels.ServiceChannel.SendAsyncResult.End(SendAsyncResult result)
   at System.ServiceModel.Channels.ServiceChannel.EndCall(String action, Object[] outs, IAsyncResult result)
   at System.ServiceModel.Channels.ServiceChannelProxy.TaskCreator.<>c__DisplayClass1_0.<CreateGenericTask>b__0(IAsyncResult asyncResult)
--- End of stack trace from previous location ---
   at Applet.Nat.Api.Br.Models.DocumentExp.GetCotizacion(String vivstrMoneda, DateTime vivdtm) in C:\Users\Jaco2701\Documents\Visual Studio Projects\Nat\Nat.api\Models\BR\DocumentExp.cs:line 156
An error occurred while sending the request.
   at System.Net.Http.HttpConnection.SendAsync(HttpRequestMessage request, Boolean async, CancellationToken cancellationToken)
   at System.Net.Http.HttpConnectionPool.SendWithVersionDetectionAndRetryAsync(HttpRequestMessage request, Boolean async, Boolean doRequestAuth, CancellationToken cancellationToken)
   at System.Net.Http.DiagnosticsHandler.SendAsyncCore(HttpRequestMessage request, Boolean async, CancellationToken cancellationToken)
   at System.Net.Http.RedirectHandler.SendAsync(HttpRequestMessage request, Boolean async, CancellationToken cancellationToken)
   at System.Net.Http.DecompressionHandler.SendAsync(HttpRequestMessage request, Boolean async, CancellationToken cancellationToken)
   at System.Net.Http.HttpClient.<SendAsync>g__Core|83_0(HttpRequestMessage request, HttpCompletionOption completionOption, CancellationTokenSource cts, Boolean disposeCts, CancellationTokenSource pendingRequestsCts, CancellationToken originalCancellationToken)
   at System.ServiceModel.Channels.HttpChannelFactory`1.HttpClientRequestChannel.HttpClientChannelAsyncRequest.SendRequestAsync(Message message, TimeoutHelper timeoutHelper)
Unable to read data from the transport connection: An existing connection was forcibly closed by the remote host..
   at System.Net.Sockets.Socket.AwaitableSocketAsyncEventArgs.ThrowException(SocketError error, CancellationToken cancellationToken)
   at System.Net.Sockets.Socket.AwaitableSocketAsyncEventArgs.System.Threading.Tasks.Sources.IValueTaskSource<System.Int32>.GetResult(Int16 token)
   at System.Net.Security.SslStream.EnsureFullTlsFrameAsync[TIOAdapter](CancellationToken cancellationToken, Int32 estimatedSize)
   at System.Runtime.CompilerServices.PoolingAsyncValueTaskMethodBuilder`1.StateMachineBox`1.System.Threading.Tasks.Sources.IValueTaskSource<TResult>.GetResult(Int16 token)
   at System.Net.Security.SslStream.ReadAsyncInternal[TIOAdapter](Memory`1 buffer, CancellationToken cancellationToken)
   at System.Runtime.CompilerServices.PoolingAsyncValueTaskMethodBuilder`1.StateMachineBox`1.System.Threading.Tasks.Sources.IValueTaskSource<TResult>.GetResult(Int16 token)
   at System.Net.Http.HttpConnection.InitialFillAsync(Boolean async)
   at System.Net.Http.HttpConnection.SendAsync(HttpRequestMessage request, Boolean async, CancellationToken cancellationToken)
30/10/2025 03:21:24==>Cotizacion Invalida
   at Applet.Nat.Api.Br.Models.DocumentExp.GetCotizacion(String vivstrMoneda, DateTime vivdtm) in C:\Users\Jaco2701\Documents\Visual Studio Projects\Nat\Nat.api\Models\BR\DocumentExp.cs:line 175
   at Applet.Nat.Api.Controllers.MiscController.Statics() in C:\Users\Jaco2701\Documents\Visual Studio Projects\Nat\Nat.api\Controllers\MiscController.cs:line 45
30/10/2025 03:21:24==>Valor de Lista FORMAT:dtmwsmtxca no encontrado
   at Applet.Nat.Api.Static.ListHelper.GetValue(String vivcodType, String vivcodId, NatContext vioContext) in C:\Users\Jaco2701\Documents\Visual Studio Projects\Nat\Nat.api\Static\ListHelper.cs:line 26
   at Applet.Nat.Api.Models.Afip.AfipService.get_ivstrDateformat() in C:\Users\Jaco2701\Documents\Visual Studio Projects\Nat\Nat.api\Models\Afip\AfipService.cs:line 74
   at Applet.Nat.BR.DocumentMTXCA.GetCotizacion(String vivstrMoneda, DateTime vivdtm) in C:\Users\Jaco2701\Documents\Visual Studio Projects\Nat\Nat.api\Models\BR\DocumentMtxca.cs:line 540
30/10/2025 03:21:24==>Cotizacion Invalida
   at Applet.Nat.BR.DocumentMTXCA.GetCotizacion(String vivstrMoneda, DateTime vivdtm) in C:\Users\Jaco2701\Documents\Visual Studio Projects\Nat\Nat.api\Models\BR\DocumentMtxca.cs:line 566
   at Applet.Nat.Api.Controllers.MiscController.Statics() in C:\Users\Jaco2701\Documents\Visual Studio Projects\Nat\Nat.api\Controllers\MiscController.cs:line 65
30/10/2025 03:21:24==>An error occurred while sending the request.
   at System.Runtime.AsyncResult.End[TAsyncResult](IAsyncResult result)
   at System.ServiceModel.Channels.ServiceChannel.SendAsyncResult.End(SendAsyncResult result)
   at System.ServiceModel.Channels.ServiceChannel.EndCall(String action, Object[] outs, IAsyncResult result)
   at System.ServiceModel.Channels.ServiceChannelProxy.TaskCreator.<>c__DisplayClass1_0.<CreateGenericTask>b__0(IAsyncResult asyncResult)
--- End of stack trace from previous location ---
   at Applet.Nat.Api.Br.Models.DocumentExp.GetCotizacion(String vivstrMoneda, DateTime vivdtm) in C:\Users\Jaco2701\Documents\Visual Studio Projects\Nat\Nat.api\Models\BR\DocumentExp.cs:line 156
An error occurred while sending the request.
   at System.Net.Http.HttpConnection.SendAsync(HttpRequestMessage request, Boolean async, CancellationToken cancellationToken)
   at System.Net.Http.HttpConnectionPool.SendWithVersionDetectionAndRetryAsync(HttpRequestMessage request, Boolean async, Boolean doRequestAuth, CancellationToken cancellationToken)
   at System.Net.Http.DiagnosticsHandler.SendAsyncCore(HttpRequestMessage request, Boolean async, CancellationToken cancellationToken)
   at System.Net.Http.RedirectHandler.SendAsync(HttpRequestMessage request, Boolean async, CancellationToken cancellationToken)
   at System.Net.Http.DecompressionHandler.SendAsync(HttpRequestMessage request, Boolean async, CancellationToken cancellationToken)
   at System.Net.Http.HttpClient.<SendAsync>g__Core|83_0(HttpRequestMessage request, HttpCompletionOption completionOption, CancellationTokenSource cts, Boolean disposeCts, CancellationTokenSource pendingRequestsCts, CancellationToken originalCancellationToken)
   at System.ServiceModel.Channels.HttpChannelFactory`1.HttpClientRequestChannel.HttpClientChannelAsyncRequest.SendRequestAsync(Message message, TimeoutHelper timeoutHelper)
Unable to read data from the transport connection: An existing connection was forcibly closed by the remote host..
   at System.Net.Sockets.Socket.AwaitableSocketAsyncEventArgs.ThrowException(SocketError error, CancellationToken cancellationToken)
   at System.Net.Sockets.Socket.AwaitableSocketAsyncEventArgs.System.Threading.Tasks.Sources.IValueTaskSource<System.Int32>.GetResult(Int16 token)
   at System.Net.Security.SslStream.EnsureFullTlsFrameAsync[TIOAdapter](CancellationToken cancellationToken, Int32 estimatedSize)
   at System.Runtime.CompilerServices.PoolingAsyncValueTaskMethodBuilder`1.StateMachineBox`1.System.Threading.Tasks.Sources.IValueTaskSource<TResult>.GetResult(Int16 token)
   at System.Net.Security.SslStream.ReadAsyncInternal[TIOAdapter](Memory`1 buffer, CancellationToken cancellationToken)
   at System.Runtime.CompilerServices.PoolingAsyncValueTaskMethodBuilder`1.StateMachineBox`1.System.Threading.Tasks.Sources.IValueTaskSource<TResult>.GetResult(Int16 token)
   at System.Net.Http.HttpConnection.InitialFillAsync(Boolean async)
   at System.Net.Http.HttpConnection.SendAsync(HttpRequestMessage request, Boolean async, CancellationToken cancellationToken)
30/10/2025 03:21:24==>Cotizacion Invalida
   at Applet.Nat.Api.Br.Models.DocumentExp.GetCotizacion(String vivstrMoneda, DateTime vivdtm) in C:\Users\Jaco2701\Documents\Visual Studio Projects\Nat\Nat.api\Models\BR\DocumentExp.cs:line 175
   at Applet.Nat.Api.Controllers.MiscController.Statics() in C:\Users\Jaco2701\Documents\Visual Studio Projects\Nat\Nat.api\Controllers\MiscController.cs:line 45
30/10/2025 03:21:25==>Valor de Lista FORMAT:dtmwsmtxca no encontrado
   at Applet.Nat.Api.Static.ListHelper.GetValue(String vivcodType, String vivcodId, NatContext vioContext) in C:\Users\Jaco2701\Documents\Visual Studio Projects\Nat\Nat.api\Static\ListHelper.cs:line 26
   at Applet.Nat.Api.Models.Afip.AfipService.get_ivstrDateformat() in C:\Users\Jaco2701\Documents\Visual Studio Projects\Nat\Nat.api\Models\Afip\AfipService.cs:line 74
   at Applet.Nat.BR.DocumentMTXCA.GetCotizacion(String vivstrMoneda, DateTime vivdtm) in C:\Users\Jaco2701\Documents\Visual Studio Projects\Nat\Nat.api\Models\BR\DocumentMtxca.cs:line 540
30/10/2025 03:21:25==>Cotizacion Invalida
   at Applet.Nat.BR.DocumentMTXCA.GetCotizacion(String vivstrMoneda, DateTime vivdtm) in C:\Users\Jaco2701\Documents\Visual Studio Projects\Nat\Nat.api\Models\BR\DocumentMtxca.cs:line 566
   at Applet.Nat.Api.Controllers.MiscController.Statics() in C:\Users\Jaco2701\Documents\Visual Studio Projects\Nat\Nat.api\Controllers\MiscController.cs:line 65
30/10/2025 03:21:25==>An error occurred while sending the request.
   at System.Runtime.AsyncResult.End[TAsyncResult](IAsyncResult result)
   at System.ServiceModel.Channels.ServiceChannel.SendAsyncResult.End(SendAsyncResult result)
   at System.ServiceModel.Channels.ServiceChannel.EndCall(String action, Object[] outs, IAsyncResult result)
   at System.ServiceModel.Channels.ServiceChannelProxy.TaskCreator.<>c__DisplayClass1_0.<CreateGenericTask>b__0(IAsyncResult asyncResult)
--- End of stack trace from previous location ---
   at Applet.Nat.Api.Br.Models.DocumentExp.GetCotizacion(String vivstrMoneda, DateTime vivdtm) in C:\Users\Jaco2701\Documents\Visual Studio Projects\Nat\Nat.api\Models\BR\DocumentExp.cs:line 156
An error occurred while sending the request.
   at System.Net.Http.HttpConnection.SendAsync(HttpRequestMessage request, Boolean async, CancellationToken cancellationToken)
   at System.Net.Http.HttpConnectionPool.SendWithVersionDetectionAndRetryAsync(HttpRequestMessage request, Boolean async, Boolean doRequestAuth, CancellationToken cancellationToken)
   at System.Net.Http.DiagnosticsHandler.SendAsyncCore(HttpRequestMessage request, Boolean async, CancellationToken cancellationToken)
   at System.Net.Http.RedirectHandler.SendAsync(HttpRequestMessage request, Boolean async, CancellationToken cancellationToken)
   at System.Net.Http.DecompressionHandler.SendAsync(HttpRequestMessage request, Boolean async, CancellationToken cancellationToken)
   at System.Net.Http.HttpClient.<SendAsync>g__Core|83_0(HttpRequestMessage request, HttpCompletionOption completionOption, CancellationTokenSource cts, Boolean disposeCts, CancellationTokenSource pendingRequestsCts, CancellationToken originalCancellationToken)
   at System.ServiceModel.Channels.HttpChannelFactory`1.HttpClientRequestChannel.HttpClientChannelAsyncRequest.SendRequestAsync(Message message, TimeoutHelper timeoutHelper)
Unable to read data from the transport connection: An existing connection was forcibly closed by the remote host..
   at System.Net.Sockets.Socket.AwaitableSocketAsyncEventArgs.ThrowException(SocketError error, CancellationToken cancellationToken)
   at System.Net.Sockets.Socket.AwaitableSocketAsyncEventArgs.System.Threading.Tasks.Sources.IValueTaskSource<System.Int32>.GetResult(Int16 token)
   at System.Net.Security.SslStream.EnsureFullTlsFrameAsync[TIOAdapter](CancellationToken cancellationToken, Int32 estimatedSize)
   at System.Runtime.CompilerServices.PoolingAsyncValueTaskMethodBuilder`1.StateMachineBox`1.System.Threading.Tasks.Sources.IValueTaskSource<TResult>.GetResult(Int16 token)
   at System.Net.Security.SslStream.ReadAsyncInternal[TIOAdapter](Memory`1 buffer, CancellationToken cancellationToken)
   at System.Runtime.CompilerServices.PoolingAsyncValueTaskMethodBuilder`1.StateMachineBox`1.System.Threading.Tasks.Sources.IValueTaskSource<TResult>.GetResult(Int16 token)
   at System.Net.Http.HttpConnection.InitialFillAsync(Boolean async)
   at System.Net.Http.HttpConnection.SendAsync(HttpRequestMessage request, Boolean async, CancellationToken cancellationToken)
30/10/2025 03:21:25==>Cotizacion Invalida
   at Applet.Nat.Api.Br.Models.DocumentExp.GetCotizacion(String vivstrMoneda, DateTime vivdtm) in C:\Users\Jaco2701\Documents\Visual Studio Projects\Nat\Nat.api\Models\BR\DocumentExp.cs:line 175
   at Applet.Nat.Api.Controllers.MiscController.Statics() in C:\Users\Jaco2701\Documents\Visual Studio Projects\Nat\Nat.api\Controllers\MiscController.cs:line 45
30/10/2025 03:21:25==>Valor de Lista FORMAT:dtmwsmtxca no encontrado
   at Applet.Nat.Api.Static.ListHelper.GetValue(String vivcodType, String vivcodId, NatContext vioContext) in C:\Users\Jaco2701\Documents\Visual Studio Projects\Nat\Nat.api\Static\ListHelper.cs:line 26
   at Applet.Nat.Api.Models.Afip.AfipService.get_ivstrDateformat() in C:\Users\Jaco2701\Documents\Visual Studio Projects\Nat\Nat.api\Models\Afip\AfipService.cs:line 74
   at Applet.Nat.BR.DocumentMTXCA.GetCotizacion(String vivstrMoneda, DateTime vivdtm) in C:\Users\Jaco2701\Documents\Visual Studio Projects\Nat\Nat.api\Models\BR\DocumentMtxca.cs:line 540
30/10/2025 03:21:25==>Cotizacion Invalida
   at Applet.Nat.BR.DocumentMTXCA.GetCotizacion(String vivstrMoneda, DateTime vivdtm) in C:\Users\Jaco2701\Documents\Visual Studio Projects\Nat\Nat.api\Models\BR\DocumentMtxca.cs:line 566
   at Applet.Nat.Api.Controllers.MiscController.Statics() in C:\Users\Jaco2701\Documents\Visual Studio Projects\Nat\Nat.api\Controllers\MiscController.cs:line 65
30/10/2025 03:21:42==>An error occurred while sending the request.
   at System.Runtime.AsyncResult.End[TAsyncResult](IAsyncResult result)
   at System.ServiceModel.Channels.ServiceChannel.SendAsyncResult.End(SendAsyncResult result)
   at System.ServiceModel.Channels.ServiceChannel.EndCall(String action, Object[] outs, IAsyncResult result)
   at System.ServiceModel.Channels.ServiceChannelProxy.TaskCreator.<>c__DisplayClass1_0.<CreateGenericTask>b__0(IAsyncResult asyncResult)
--- End of stack trace from previous location ---
   at Applet.Nat.Api.Br.Models.DocumentExp.GetCotizacion(String vivstrMoneda, DateTime vivdtm) in C:\Users\Jaco2701\Documents\Visual Studio Projects\Nat\Nat.api\Models\BR\DocumentExp.cs:line 156
An error occurred while sending the request.
   at System.Net.Http.HttpConnection.SendAsync(HttpRequestMessage request, Boolean async, CancellationToken cancellationToken)
   at System.Net.Http.HttpConnectionPool.SendWithVersionDetectionAndRetryAsync(HttpRequestMessage request, Boolean async, Boolean doRequestAuth, CancellationToken cancellationToken)
   at System.Net.Http.DiagnosticsHandler.SendAsyncCore(HttpRequestMessage request, Boolean async, CancellationToken cancellationToken)
   at System.Net.Http.RedirectHandler.SendAsync(HttpRequestMessage request, Boolean async, CancellationToken cancellationToken)
   at System.Net.Http.DecompressionHandler.SendAsync(HttpRequestMessage request, Boolean async, CancellationToken cancellationToken)
   at System.Net.Http.HttpClient.<SendAsync>g__Core|83_0(HttpRequestMessage request, HttpCompletionOption completionOption, CancellationTokenSource cts, Boolean disposeCts, CancellationTokenSource pendingRequestsCts, CancellationToken originalCancellationToken)
   at System.ServiceModel.Channels.HttpChannelFactory`1.HttpClientRequestChannel.HttpClientChannelAsyncRequest.SendRequestAsync(Message message, TimeoutHelper timeoutHelper)
Unable to read data from the transport connection: An existing connection was forcibly closed by the remote host..
   at System.Net.Sockets.Socket.AwaitableSocketAsyncEventArgs.ThrowException(SocketError error, CancellationToken cancellationToken)
   at System.Net.Sockets.Socket.AwaitableSocketAsyncEventArgs.System.Threading.Tasks.Sources.IValueTaskSource<System.Int32>.GetResult(Int16 token)
   at System.Net.Security.SslStream.EnsureFullTlsFrameAsync[TIOAdapter](CancellationToken cancellationToken, Int32 estimatedSize)
   at System.Runtime.CompilerServices.PoolingAsyncValueTaskMethodBuilder`1.StateMachineBox`1.System.Threading.Tasks.Sources.IValueTaskSource<TResult>.GetResult(Int16 token)
   at System.Net.Security.SslStream.ReadAsyncInternal[TIOAdapter](Memory`1 buffer, CancellationToken cancellationToken)
   at System.Runtime.CompilerServices.PoolingAsyncValueTaskMethodBuilder`1.StateMachineBox`1.System.Threading.Tasks.Sources.IValueTaskSource<TResult>.GetResult(Int16 token)
   at System.Net.Http.HttpConnection.InitialFillAsync(Boolean async)
   at System.Net.Http.HttpConnection.SendAsync(HttpRequestMessage request, Boolean async, CancellationToken cancellationToken)
30/10/2025 03:21:42==>Cotizacion Invalida
   at Applet.Nat.Api.Br.Models.DocumentExp.GetCotizacion(String vivstrMoneda, DateTime vivdtm) in C:\Users\Jaco2701\Documents\Visual Studio Projects\Nat\Nat.api\Models\BR\DocumentExp.cs:line 175
   at Applet.Nat.Api.Controllers.MiscController.Statics() in C:\Users\Jaco2701\Documents\Visual Studio Projects\Nat\Nat.api\Controllers\MiscController.cs:line 45
30/10/2025 03:21:43==>Valor de Lista FORMAT:dtmwsmtxca no encontrado
   at Applet.Nat.Api.Static.ListHelper.GetValue(String vivcodType, String vivcodId, NatContext vioContext) in C:\Users\Jaco2701\Documents\Visual Studio Projects\Nat\Nat.api\Static\ListHelper.cs:line 26
   at Applet.Nat.Api.Models.Afip.AfipService.get_ivstrDateformat() in C:\Users\Jaco2701\Documents\Visual Studio Projects\Nat\Nat.api\Models\Afip\AfipService.cs:line 74
   at Applet.Nat.BR.DocumentMTXCA.GetCotizacion(String vivstrMoneda, DateTime vivdtm) in C:\Users\Jaco2701\Documents\Visual Studio Projects\Nat\Nat.api\Models\BR\DocumentMtxca.cs:line 540
30/10/2025 03:21:43==>Cotizacion Invalida
   at Applet.Nat.BR.DocumentMTXCA.GetCotizacion(String vivstrMoneda, DateTime vivdtm) in C:\Users\Jaco2701\Documents\Visual Studio Projects\Nat\Nat.api\Models\BR\DocumentMtxca.cs:line 566
   at Applet.Nat.Api.Controllers.MiscController.Statics() in C:\Users\Jaco2701\Documents\Visual Studio Projects\Nat\Nat.api\Controllers\MiscController.cs:line 65
30/10/2025 03:21:43==>An error occurred while sending the request.
   at System.Runtime.AsyncResult.End[TAsyncResult](IAsyncResult result)
   at System.ServiceModel.Channels.ServiceChannel.SendAsyncResult.End(SendAsyncResult result)
   at System.ServiceModel.Channels.ServiceChannel.EndCall(String action, Object[] outs, IAsyncResult result)
   at System.ServiceModel.Channels.ServiceChannelProxy.TaskCreator.<>c__DisplayClass1_0.<CreateGenericTask>b__0(IAsyncResult asyncResult)
--- End of stack trace from previous location ---
   at Applet.Nat.Api.Br.Models.DocumentExp.GetCotizacion(String vivstrMoneda, DateTime vivdtm) in C:\Users\Jaco2701\Documents\Visual Studio Projects\Nat\Nat.api\Models\BR\DocumentExp.cs:line 156
An error occurred while sending the request.
   at System.Net.Http.HttpConnection.SendAsync(HttpRequestMessage request, Boolean async, CancellationToken cancellationToken)
   at System.Net.Http.HttpConnectionPool.SendWithVersionDetectionAndRetryAsync(HttpRequestMessage request, Boolean async, Boolean doRequestAuth, CancellationToken cancellationToken)
   at System.Net.Http.DiagnosticsHandler.SendAsyncCore(HttpRequestMessage request, Boolean async, CancellationToken cancellationToken)
   at System.Net.Http.RedirectHandler.SendAsync(HttpRequestMessage request, Boolean async, CancellationToken cancellationToken)
   at System.Net.Http.DecompressionHandler.SendAsync(HttpRequestMessage request, Boolean async, CancellationToken cancellationToken)
   at System.Net.Http.HttpClient.<SendAsync>g__Core|83_0(HttpRequestMessage request, HttpCompletionOption completionOption, CancellationTokenSource cts, Boolean disposeCts, CancellationTokenSource pendingRequestsCts, CancellationToken originalCancellationToken)
   at System.ServiceModel.Channels.HttpChannelFactory`1.HttpClientRequestChannel.HttpClientChannelAsyncRequest.SendRequestAsync(Message message, TimeoutHelper timeoutHelper)
Unable to read data from the transport connection: An existing connection was forcibly closed by the remote host..
   at System.Net.Sockets.Socket.AwaitableSocketAsyncEventArgs.ThrowException(SocketError error, CancellationToken cancellationToken)
   at System.Net.Sockets.Socket.AwaitableSocketAsyncEventArgs.System.Threading.Tasks.Sources.IValueTaskSource<System.Int32>.GetResult(Int16 token)
   at System.Net.Security.SslStream.EnsureFullTlsFrameAsync[TIOAdapter](CancellationToken cancellationToken, Int32 estimatedSize)
   at System.Runtime.CompilerServices.PoolingAsyncValueTaskMethodBuilder`1.StateMachineBox`1.System.Threading.Tasks.Sources.IValueTaskSource<TResult>.GetResult(Int16 token)
   at System.Net.Security.SslStream.ReadAsyncInternal[TIOAdapter](Memory`1 buffer, CancellationToken cancellationToken)
   at System.Runtime.CompilerServices.PoolingAsyncValueTaskMethodBuilder`1.StateMachineBox`1.System.Threading.Tasks.Sources.IValueTaskSource<TResult>.GetResult(Int16 token)
   at System.Net.Http.HttpConnection.InitialFillAsync(Boolean async)
   at System.Net.Http.HttpConnection.SendAsync(HttpRequestMessage request, Boolean async, CancellationToken cancellationToken)
30/10/2025 03:21:43==>Cotizacion Invalida
   at Applet.Nat.Api.Br.Models.DocumentExp.GetCotizacion(String vivstrMoneda, DateTime vivdtm) in C:\Users\Jaco2701\Documents\Visual Studio Projects\Nat\Nat.api\Models\BR\DocumentExp.cs:line 175
   at Applet.Nat.Api.Controllers.MiscController.Statics() in C:\Users\Jaco2701\Documents\Visual Studio Projects\Nat\Nat.api\Controllers\MiscController.cs:line 45
30/10/2025 03:21:43==>Valor de Lista FORMAT:dtmwsmtxca no encontrado
   at Applet.Nat.Api.Static.ListHelper.GetValue(String vivcodType, String vivcodId, NatContext vioContext) in C:\Users\Jaco2701\Documents\Visual Studio Projects\Nat\Nat.api\Static\ListHelper.cs:line 26
   at Applet.Nat.Api.Models.Afip.AfipService.get_ivstrDateformat() in C:\Users\Jaco2701\Documents\Visual Studio Projects\Nat\Nat.api\Models\Afip\AfipService.cs:line 74
   at Applet.Nat.BR.DocumentMTXCA.GetCotizacion(String vivstrMoneda, DateTime vivdtm) in C:\Users\Jaco2701\Documents\Visual Studio Projects\Nat\Nat.api\Models\BR\DocumentMtxca.cs:line 540
30/10/2025 03:21:43==>Cotizacion Invalida
   at Applet.Nat.BR.DocumentMTXCA.GetCotizacion(String vivstrMoneda, DateTime vivdtm) in C:\Users\Jaco2701\Documents\Visual Studio Projects\Nat\Nat.api\Models\BR\DocumentMtxca.cs:line 566
   at Applet.Nat.Api.Controllers.MiscController.Statics() in C:\Users\Jaco2701\Documents\Visual Studio Projects\Nat\Nat.api\Controllers\MiscController.cs:line 65
30/10/2025 03:24:39==>An error occurred while sending the request.
   at System.Runtime.AsyncResult.End[TAsyncResult](IAsyncResult result)
   at System.ServiceModel.Channels.ServiceChannel.SendAsyncResult.End(SendAsyncResult result)
   at System.ServiceModel.Channels.ServiceChannel.EndCall(String action, Object[] outs, IAsyncResult result)
   at System.ServiceModel.Channels.ServiceChannelProxy.TaskCreator.<>c__DisplayClass1_0.<CreateGenericTask>b__0(IAsyncResult asyncResult)
--- End of stack trace from previous location ---
   at Applet.Nat.Api.Br.Models.DocumentExp.GetCotizacion(String vivstrMoneda, DateTime vivdtm) in C:\Users\Jaco2701\Documents\Visual Studio Projects\Nat\Nat.api\Models\BR\DocumentExp.cs:line 156
An error occurred while sending the request.
   at System.Net.Http.HttpConnection.SendAsync(HttpRequestMessage request, Boolean async, CancellationToken cancellationToken)
   at System.Net.Http.HttpConnectionPool.SendWithVersionDetectionAndRetryAsync(HttpRequestMessage request, Boolean async, Boolean doRequestAuth, CancellationToken cancellationToken)
   at System.Net.Http.DiagnosticsHandler.SendAsyncCore(HttpRequestMessage request, Boolean async, CancellationToken cancellationToken)
   at System.Net.Http.RedirectHandler.SendAsync(HttpRequestMessage request, Boolean async, CancellationToken cancellationToken)
   at System.Net.Http.DecompressionHandler.SendAsync(HttpRequestMessage request, Boolean async, CancellationToken cancellationToken)
   at System.Net.Http.HttpClient.<SendAsync>g__Core|83_0(HttpRequestMessage request, HttpCompletionOption completionOption, CancellationTokenSource cts, Boolean disposeCts, CancellationTokenSource pendingRequestsCts, CancellationToken originalCancellationToken)
   at System.ServiceModel.Channels.HttpChannelFactory`1.HttpClientRequestChannel.HttpClientChannelAsyncRequest.SendRequestAsync(Message message, TimeoutHelper timeoutHelper)
Unable to read data from the transport connection: An existing connection was forcibly closed by the remote host..
   at System.Net.Sockets.Socket.AwaitableSocketAsyncEventArgs.ThrowException(SocketError error, CancellationToken cancellationToken)
   at System.Net.Sockets.Socket.AwaitableSocketAsyncEventArgs.System.Threading.Tasks.Sources.IValueTaskSource<System.Int32>.GetResult(Int16 token)
   at System.Net.Security.SslStream.EnsureFullTlsFrameAsync[TIOAdapter](CancellationToken cancellationToken, Int32 estimatedSize)
   at System.Runtime.CompilerServices.PoolingAsyncValueTaskMethodBuilder`1.StateMachineBox`1.System.Threading.Tasks.Sources.IValueTaskSource<TResult>.GetResult(Int16 token)
   at System.Net.Security.SslStream.ReadAsyncInternal[TIOAdapter](Memory`1 buffer, CancellationToken cancellationToken)
   at System.Runtime.CompilerServices.PoolingAsyncValueTaskMethodBuilder`1.StateMachineBox`1.System.Threading.Tasks.Sources.IValueTaskSource<TResult>.GetResult(Int16 token)
   at System.Net.Http.HttpConnection.InitialFillAsync(Boolean async)
   at System.Net.Http.HttpConnection.SendAsync(HttpRequestMessage request, Boolean async, CancellationToken cancellationToken)
30/10/2025 03:24:39==>Cotizacion Invalida
   at Applet.Nat.Api.Br.Models.DocumentExp.GetCotizacion(String vivstrMoneda, DateTime vivdtm) in C:\Users\Jaco2701\Documents\Visual Studio Projects\Nat\Nat.api\Models\BR\DocumentExp.cs:line 175
   at Applet.Nat.Api.Controllers.MiscController.Statics() in C:\Users\Jaco2701\Documents\Visual Studio Projects\Nat\Nat.api\Controllers\MiscController.cs:line 45
30/10/2025 03:24:39==>Valor de Lista FORMAT:dtmwsmtxca no encontrado
   at Applet.Nat.Api.Static.ListHelper.GetValue(String vivcodType, String vivcodId, NatContext vioContext) in C:\Users\Jaco2701\Documents\Visual Studio Projects\Nat\Nat.api\Static\ListHelper.cs:line 26
   at Applet.Nat.Api.Models.Afip.AfipService.get_ivstrDateformat() in C:\Users\Jaco2701\Documents\Visual Studio Projects\Nat\Nat.api\Models\Afip\AfipService.cs:line 74
   at Applet.Nat.BR.DocumentMTXCA.GetCotizacion(String vivstrMoneda, DateTime vivdtm) in C:\Users\Jaco2701\Documents\Visual Studio Projects\Nat\Nat.api\Models\BR\DocumentMtxca.cs:line 540
30/10/2025 03:24:39==>Cotizacion Invalida
   at Applet.Nat.BR.DocumentMTXCA.GetCotizacion(String vivstrMoneda, DateTime vivdtm) in C:\Users\Jaco2701\Documents\Visual Studio Projects\Nat\Nat.api\Models\BR\DocumentMtxca.cs:line 566
   at Applet.Nat.Api.Controllers.MiscController.Statics() in C:\Users\Jaco2701\Documents\Visual Studio Projects\Nat\Nat.api\Controllers\MiscController.cs:line 65
30/10/2025 03:24:40==>An error occurred while sending the request.
   at System.Runtime.AsyncResult.End[TAsyncResult](IAsyncResult result)
   at System.ServiceModel.Channels.ServiceChannel.SendAsyncResult.End(SendAsyncResult result)
   at System.ServiceModel.Channels.ServiceChannel.EndCall(String action, Object[] outs, IAsyncResult result)
   at System.ServiceModel.Channels.ServiceChannelProxy.TaskCreator.<>c__DisplayClass1_0.<CreateGenericTask>b__0(IAsyncResult asyncResult)
--- End of stack trace from previous location ---
   at Applet.Nat.Api.Br.Models.DocumentExp.GetCotizacion(String vivstrMoneda, DateTime vivdtm) in C:\Users\Jaco2701\Documents\Visual Studio Projects\Nat\Nat.api\Models\BR\DocumentExp.cs:line 156
An error occurred while sending the request.
   at System.Net.Http.HttpConnection.SendAsync(HttpRequestMessage request, Boolean async, CancellationToken cancellationToken)
   at System.Net.Http.HttpConnectionPool.SendWithVersionDetectionAndRetryAsync(HttpRequestMessage request, Boolean async, Boolean doRequestAuth, CancellationToken cancellationToken)
   at System.Net.Http.DiagnosticsHandler.SendAsyncCore(HttpRequestMessage request, Boolean async, CancellationToken cancellationToken)
   at System.Net.Http.RedirectHandler.SendAsync(HttpRequestMessage request, Boolean async, CancellationToken cancellationToken)
   at System.Net.Http.DecompressionHandler.SendAsync(HttpRequestMessage request, Boolean async, CancellationToken cancellationToken)
   at System.Net.Http.HttpClient.<SendAsync>g__Core|83_0(HttpRequestMessage request, HttpCompletionOption completionOption, CancellationTokenSource cts, Boolean disposeCts, CancellationTokenSource pendingRequestsCts, CancellationToken originalCancellationToken)
   at System.ServiceModel.Channels.HttpChannelFactory`1.HttpClientRequestChannel.HttpClientChannelAsyncRequest.SendRequestAsync(Message message, TimeoutHelper timeoutHelper)
Unable to read data from the transport connection: An existing connection was forcibly closed by the remote host..
   at System.Net.Sockets.Socket.AwaitableSocketAsyncEventArgs.ThrowException(SocketError error, CancellationToken cancellationToken)
   at System.Net.Sockets.Socket.AwaitableSocketAsyncEventArgs.System.Threading.Tasks.Sources.IValueTaskSource<System.Int32>.GetResult(Int16 token)
   at System.Net.Security.SslStream.EnsureFullTlsFrameAsync[TIOAdapter](CancellationToken cancellationToken, Int32 estimatedSize)
   at System.Runtime.CompilerServices.PoolingAsyncValueTaskMethodBuilder`1.StateMachineBox`1.System.Threading.Tasks.Sources.IValueTaskSource<TResult>.GetResult(Int16 token)
   at System.Net.Security.SslStream.ReadAsyncInternal[TIOAdapter](Memory`1 buffer, CancellationToken cancellationToken)
   at System.Runtime.CompilerServices.PoolingAsyncValueTaskMethodBuilder`1.StateMachineBox`1.System.Threading.Tasks.Sources.IValueTaskSource<TResult>.GetResult(Int16 token)
   at System.Net.Http.HttpConnection.InitialFillAsync(Boolean async)
   at System.Net.Http.HttpConnection.SendAsync(HttpRequestMessage request, Boolean async, CancellationToken cancellationToken)
30/10/2025 03:24:40==>Cotizacion Invalida
   at Applet.Nat.Api.Br.Models.DocumentExp.GetCotizacion(String vivstrMoneda, DateTime vivdtm) in C:\Users\Jaco2701\Documents\Visual Studio Projects\Nat\Nat.api\Models\BR\DocumentExp.cs:line 175
   at Applet.Nat.Api.Controllers.MiscController.Statics() in C:\Users\Jaco2701\Documents\Visual Studio Projects\Nat\Nat.api\Controllers\MiscController.cs:line 45
30/10/2025 03:24:40==>Valor de Lista FORMAT:dtmwsmtxca no encontrado
   at Applet.Nat.Api.Static.ListHelper.GetValue(String vivcodType, String vivcodId, NatContext vioContext) in C:\Users\Jaco2701\Documents\Visual Studio Projects\Nat\Nat.api\Static\ListHelper.cs:line 26
   at Applet.Nat.Api.Models.Afip.AfipService.get_ivstrDateformat() in C:\Users\Jaco2701\Documents\Visual Studio Projects\Nat\Nat.api\Models\Afip\AfipService.cs:line 74
   at Applet.Nat.BR.DocumentMTXCA.GetCotizacion(String vivstrMoneda, DateTime vivdtm) in C:\Users\Jaco2701\Documents\Visual Studio Projects\Nat\Nat.api\Models\BR\DocumentMtxca.cs:line 540
30/10/2025 03:24:40==>Cotizacion Invalida
   at Applet.Nat.BR.DocumentMTXCA.GetCotizacion(String vivstrMoneda, DateTime vivdtm) in C:\Users\Jaco2701\Documents\Visual Studio Projects\Nat\Nat.api\Models\BR\DocumentMtxca.cs:line 566
   at Applet.Nat.Api.Controllers.MiscController.Statics() in C:\Users\Jaco2701\Documents\Visual Studio Projects\Nat\Nat.api\Controllers\MiscController.cs:line 65
30/10/2025 03:24:40==>An error occurred while sending the request.
   at System.Runtime.AsyncResult.End[TAsyncResult](IAsyncResult result)
   at System.ServiceModel.Channels.ServiceChannel.SendAsyncResult.End(SendAsyncResult result)
   at System.ServiceModel.Channels.ServiceChannel.EndCall(String action, Object[] outs, IAsyncResult result)
   at System.ServiceModel.Channels.ServiceChannelProxy.TaskCreator.<>c__DisplayClass1_0.<CreateGenericTask>b__0(IAsyncResult asyncResult)
--- End of stack trace from previous location ---
   at Applet.Nat.Api.Br.Models.DocumentExp.GetCotizacion(String vivstrMoneda, DateTime vivdtm) in C:\Users\Jaco2701\Documents\Visual Studio Projects\Nat\Nat.api\Models\BR\DocumentExp.cs:line 156
An error occurred while sending the request.
   at System.Net.Http.HttpConnection.SendAsync(HttpRequestMessage request, Boolean async, CancellationToken cancellationToken)
   at System.Net.Http.HttpConnectionPool.SendWithVersionDetectionAndRetryAsync(HttpRequestMessage request, Boolean async, Boolean doRequestAuth, CancellationToken cancellationToken)
   at System.Net.Http.DiagnosticsHandler.SendAsyncCore(HttpRequestMessage request, Boolean async, CancellationToken cancellationToken)
   at System.Net.Http.RedirectHandler.SendAsync(HttpRequestMessage request, Boolean async, CancellationToken cancellationToken)
   at System.Net.Http.DecompressionHandler.SendAsync(HttpRequestMessage request, Boolean async, CancellationToken cancellationToken)
   at System.Net.Http.HttpClient.<SendAsync>g__Core|83_0(HttpRequestMessage request, HttpCompletionOption completionOption, CancellationTokenSource cts, Boolean disposeCts, CancellationTokenSource pendingRequestsCts, CancellationToken originalCancellationToken)
   at System.ServiceModel.Channels.HttpChannelFactory`1.HttpClientRequestChannel.HttpClientChannelAsyncRequest.SendRequestAsync(Message message, TimeoutHelper timeoutHelper)
Unable to read data from the transport connection: An existing connection was forcibly closed by the remote host..
   at System.Net.Sockets.Socket.AwaitableSocketAsyncEventArgs.ThrowException(SocketError error, CancellationToken cancellationToken)
   at System.Net.Sockets.Socket.AwaitableSocketAsyncEventArgs.System.Threading.Tasks.Sources.IValueTaskSource<System.Int32>.GetResult(Int16 token)
   at System.Net.Security.SslStream.EnsureFullTlsFrameAsync[TIOAdapter](CancellationToken cancellationToken, Int32 estimatedSize)
   at System.Runtime.CompilerServices.PoolingAsyncValueTaskMethodBuilder`1.StateMachineBox`1.System.Threading.Tasks.Sources.IValueTaskSource<TResult>.GetResult(Int16 token)
   at System.Net.Security.SslStream.ReadAsyncInternal[TIOAdapter](Memory`1 buffer, CancellationToken cancellationToken)
   at System.Runtime.CompilerServices.PoolingAsyncValueTaskMethodBuilder`1.StateMachineBox`1.System.Threading.Tasks.Sources.IValueTaskSource<TResult>.GetResult(Int16 token)
   at System.Net.Http.HttpConnection.InitialFillAsync(Boolean async)
   at System.Net.Http.HttpConnection.SendAsync(HttpRequestMessage request, Boolean async, CancellationToken cancellationToken)
30/10/2025 03:24:40==>Cotizacion Invalida
   at Applet.Nat.Api.Br.Models.DocumentExp.GetCotizacion(String vivstrMoneda, DateTime vivdtm) in C:\Users\Jaco2701\Documents\Visual Studio Projects\Nat\Nat.api\Models\BR\DocumentExp.cs:line 175
   at Applet.Nat.Api.Controllers.MiscController.Statics() in C:\Users\Jaco2701\Documents\Visual Studio Projects\Nat\Nat.api\Controllers\MiscController.cs:line 45
30/10/2025 03:24:40==>Valor de Lista FORMAT:dtmwsmtxca no encontrado
   at Applet.Nat.Api.Static.ListHelper.GetValue(String vivcodType, String vivcodId, NatContext vioContext) in C:\Users\Jaco2701\Documents\Visual Studio Projects\Nat\Nat.api\Static\ListHelper.cs:line 26
   at Applet.Nat.Api.Models.Afip.AfipService.get_ivstrDateformat() in C:\Users\Jaco2701\Documents\Visual Studio Projects\Nat\Nat.api\Models\Afip\AfipService.cs:line 74
   at Applet.Nat.BR.DocumentMTXCA.GetCotizacion(String vivstrMoneda, DateTime vivdtm) in C:\Users\Jaco2701\Documents\Visual Studio Projects\Nat\Nat.api\Models\BR\DocumentMtxca.cs:line 540
30/10/2025 03:24:40==>Cotizacion Invalida
   at Applet.Nat.BR.DocumentMTXCA.GetCotizacion(String vivstrMoneda, DateTime vivdtm) in C:\Users\Jaco2701\Documents\Visual Studio Projects\Nat\Nat.api\Models\BR\DocumentMtxca.cs:line 566
   at Applet.Nat.Api.Controllers.MiscController.Statics() in C:\Users\Jaco2701\Documents\Visual Studio Projects\Nat\Nat.api\Controllers\MiscController.cs:line 65
30/10/2025 03:26:23==>An error occurred while sending the request.
   at System.Runtime.AsyncResult.End[TAsyncResult](IAsyncResult result)
   at System.ServiceModel.Channels.ServiceChannel.SendAsyncResult.End(SendAsyncResult result)
   at System.ServiceModel.Channels.ServiceChannel.EndCall(String action, Object[] outs, IAsyncResult result)
   at System.ServiceModel.Channels.ServiceChannelProxy.TaskCreator.<>c__DisplayClass1_0.<CreateGenericTask>b__0(IAsyncResult asyncResult)
--- End of stack trace from previous location ---
   at Applet.Nat.Api.Br.Models.DocumentExp.GetCotizacion(String vivstrMoneda, DateTime vivdtm) in C:\Users\Jaco2701\Documents\Visual Studio Projects\Nat\Nat.api\Models\BR\DocumentExp.cs:line 156
An error occurred while sending the request.
   at System.Net.Http.HttpConnection.SendAsync(HttpRequestMessage request, Boolean async, CancellationToken cancellationToken)
   at System.Net.Http.HttpConnectionPool.SendWithVersionDetectionAndRetryAsync(HttpRequestMessage request, Boolean async, Boolean doRequestAuth, CancellationToken cancellationToken)
   at System.Net.Http.DiagnosticsHandler.SendAsyncCore(HttpRequestMessage request, Boolean async, CancellationToken cancellationToken)
   at System.Net.Http.RedirectHandler.SendAsync(HttpRequestMessage request, Boolean async, CancellationToken cancellationToken)
   at System.Net.Http.DecompressionHandler.SendAsync(HttpRequestMessage request, Boolean async, CancellationToken cancellationToken)
   at System.Net.Http.HttpClient.<SendAsync>g__Core|83_0(HttpRequestMessage request, HttpCompletionOption completionOption, CancellationTokenSource cts, Boolean disposeCts, CancellationTokenSource pendingRequestsCts, CancellationToken originalCancellationToken)
   at System.ServiceModel.Channels.HttpChannelFactory`1.HttpClientRequestChannel.HttpClientChannelAsyncRequest.SendRequestAsync(Message message, TimeoutHelper timeoutHelper)
Unable to read data from the transport connection: An existing connection was forcibly closed by the remote host..
   at System.Net.Sockets.Socket.AwaitableSocketAsyncEventArgs.ThrowException(SocketError error, CancellationToken cancellationToken)
   at System.Net.Sockets.Socket.AwaitableSocketAsyncEventArgs.System.Threading.Tasks.Sources.IValueTaskSource<System.Int32>.GetResult(Int16 token)
   at System.Net.Security.SslStream.EnsureFullTlsFrameAsync[TIOAdapter](CancellationToken cancellationToken, Int32 estimatedSize)
   at System.Runtime.CompilerServices.PoolingAsyncValueTaskMethodBuilder`1.StateMachineBox`1.System.Threading.Tasks.Sources.IValueTaskSource<TResult>.GetResult(Int16 token)
   at System.Net.Security.SslStream.ReadAsyncInternal[TIOAdapter](Memory`1 buffer, CancellationToken cancellationToken)
   at System.Runtime.CompilerServices.PoolingAsyncValueTaskMethodBuilder`1.StateMachineBox`1.System.Threading.Tasks.Sources.IValueTaskSource<TResult>.GetResult(Int16 token)
   at System.Net.Http.HttpConnection.InitialFillAsync(Boolean async)
   at System.Net.Http.HttpConnection.SendAsync(HttpRequestMessage request, Boolean async, CancellationToken cancellationToken)
30/10/2025 03:26:23==>Cotizacion Invalida
   at Applet.Nat.Api.Br.Models.DocumentExp.GetCotizacion(String vivstrMoneda, DateTime vivdtm) in C:\Users\Jaco2701\Documents\Visual Studio Projects\Nat\Nat.api\Models\BR\DocumentExp.cs:line 175
   at Applet.Nat.Api.Controllers.MiscController.Statics() in C:\Users\Jaco2701\Documents\Visual Studio Projects\Nat\Nat.api\Controllers\MiscController.cs:line 45
30/10/2025 03:26:23==>Valor de Lista FORMAT:dtmwsmtxca no encontrado
   at Applet.Nat.Api.Static.ListHelper.GetValue(String vivcodType, String vivcodId, NatContext vioContext) in C:\Users\Jaco2701\Documents\Visual Studio Projects\Nat\Nat.api\Static\ListHelper.cs:line 26
   at Applet.Nat.Api.Models.Afip.AfipService.get_ivstrDateformat() in C:\Users\Jaco2701\Documents\Visual Studio Projects\Nat\Nat.api\Models\Afip\AfipService.cs:line 74
   at Applet.Nat.BR.DocumentMTXCA.GetCotizacion(String vivstrMoneda, DateTime vivdtm) in C:\Users\Jaco2701\Documents\Visual Studio Projects\Nat\Nat.api\Models\BR\DocumentMtxca.cs:line 540
30/10/2025 03:26:23==>Cotizacion Invalida
   at Applet.Nat.BR.DocumentMTXCA.GetCotizacion(String vivstrMoneda, DateTime vivdtm) in C:\Users\Jaco2701\Documents\Visual Studio Projects\Nat\Nat.api\Models\BR\DocumentMtxca.cs:line 566
   at Applet.Nat.Api.Controllers.MiscController.Statics() in C:\Users\Jaco2701\Documents\Visual Studio Projects\Nat\Nat.api\Controllers\MiscController.cs:line 65
30/10/2025 03:26:23==>An error occurred while sending the request.
   at System.Runtime.AsyncResult.End[TAsyncResult](IAsyncResult result)
   at System.ServiceModel.Channels.ServiceChannel.SendAsyncResult.End(SendAsyncResult result)
   at System.ServiceModel.Channels.ServiceChannel.EndCall(String action, Object[] outs, IAsyncResult result)
   at System.ServiceModel.Channels.ServiceChannelProxy.TaskCreator.<>c__DisplayClass1_0.<CreateGenericTask>b__0(IAsyncResult asyncResult)
--- End of stack trace from previous location ---
   at Applet.Nat.Api.Br.Models.DocumentExp.GetCotizacion(String vivstrMoneda, DateTime vivdtm) in C:\Users\Jaco2701\Documents\Visual Studio Projects\Nat\Nat.api\Models\BR\DocumentExp.cs:line 156
An error occurred while sending the request.
   at System.Net.Http.HttpConnection.SendAsync(HttpRequestMessage request, Boolean async, CancellationToken cancellationToken)
   at System.Net.Http.HttpConnectionPool.SendWithVersionDetectionAndRetryAsync(HttpRequestMessage request, Boolean async, Boolean doRequestAuth, CancellationToken cancellationToken)
   at System.Net.Http.DiagnosticsHandler.SendAsyncCore(HttpRequestMessage request, Boolean async, CancellationToken cancellationToken)
   at System.Net.Http.RedirectHandler.SendAsync(HttpRequestMessage request, Boolean async, CancellationToken cancellationToken)
   at System.Net.Http.DecompressionHandler.SendAsync(HttpRequestMessage request, Boolean async, CancellationToken cancellationToken)
   at System.Net.Http.HttpClient.<SendAsync>g__Core|83_0(HttpRequestMessage request, HttpCompletionOption completionOption, CancellationTokenSource cts, Boolean disposeCts, CancellationTokenSource pendingRequestsCts, CancellationToken originalCancellationToken)
   at System.ServiceModel.Channels.HttpChannelFactory`1.HttpClientRequestChannel.HttpClientChannelAsyncRequest.SendRequestAsync(Message message, TimeoutHelper timeoutHelper)
Unable to read data from the transport connection: An existing connection was forcibly closed by the remote host..
   at System.Net.Sockets.Socket.AwaitableSocketAsyncEventArgs.ThrowException(SocketError error, CancellationToken cancellationToken)
   at System.Net.Sockets.Socket.AwaitableSocketAsyncEventArgs.System.Threading.Tasks.Sources.IValueTaskSource<System.Int32>.GetResult(Int16 token)
   at System.Net.Security.SslStream.EnsureFullTlsFrameAsync[TIOAdapter](CancellationToken cancellationToken, Int32 estimatedSize)
   at System.Runtime.CompilerServices.PoolingAsyncValueTaskMethodBuilder`1.StateMachineBox`1.System.Threading.Tasks.Sources.IValueTaskSource<TResult>.GetResult(Int16 token)
   at System.Net.Security.SslStream.ReadAsyncInternal[TIOAdapter](Memory`1 buffer, CancellationToken cancellationToken)
   at System.Runtime.CompilerServices.PoolingAsyncValueTaskMethodBuilder`1.StateMachineBox`1.System.Threading.Tasks.Sources.IValueTaskSource<TResult>.GetResult(Int16 token)
   at System.Net.Http.HttpConnection.InitialFillAsync(Boolean async)
   at System.Net.Http.HttpConnection.SendAsync(HttpRequestMessage request, Boolean async, CancellationToken cancellationToken)
30/10/2025 03:26:23==>Cotizacion Invalida
   at Applet.Nat.Api.Br.Models.DocumentExp.GetCotizacion(String vivstrMoneda, DateTime vivdtm) in C:\Users\Jaco2701\Documents\Visual Studio Projects\Nat\Nat.api\Models\BR\DocumentExp.cs:line 175
   at Applet.Nat.Api.Controllers.MiscController.Statics() in C:\Users\Jaco2701\Documents\Visual Studio Projects\Nat\Nat.api\Controllers\MiscController.cs:line 45
30/10/2025 03:26:23==>Valor de Lista FORMAT:dtmwsmtxca no encontrado
   at Applet.Nat.Api.Static.ListHelper.GetValue(String vivcodType, String vivcodId, NatContext vioContext) in C:\Users\Jaco2701\Documents\Visual Studio Projects\Nat\Nat.api\Static\ListHelper.cs:line 26
   at Applet.Nat.Api.Models.Afip.AfipService.get_ivstrDateformat() in C:\Users\Jaco2701\Documents\Visual Studio Projects\Nat\Nat.api\Models\Afip\AfipService.cs:line 74
   at Applet.Nat.BR.DocumentMTXCA.GetCotizacion(String vivstrMoneda, DateTime vivdtm) in C:\Users\Jaco2701\Documents\Visual Studio Projects\Nat\Nat.api\Models\BR\DocumentMtxca.cs:line 540
30/10/2025 03:26:23==>Cotizacion Invalida
   at Applet.Nat.BR.DocumentMTXCA.GetCotizacion(String vivstrMoneda, DateTime vivdtm) in C:\Users\Jaco2701\Documents\Visual Studio Projects\Nat\Nat.api\Models\BR\DocumentMtxca.cs:line 566
   at Applet.Nat.Api.Controllers.MiscController.Statics() in C:\Users\Jaco2701\Documents\Visual Studio Projects\Nat\Nat.api\Controllers\MiscController.cs:line 65
30/10/2025 03:26:23==>An error occurred while sending the request.
   at System.Runtime.AsyncResult.End[TAsyncResult](IAsyncResult result)
   at System.ServiceModel.Channels.ServiceChannel.SendAsyncResult.End(SendAsyncResult result)
   at System.ServiceModel.Channels.ServiceChannel.EndCall(String action, Object[] outs, IAsyncResult result)
   at System.ServiceModel.Channels.ServiceChannelProxy.TaskCreator.<>c__DisplayClass1_0.<CreateGenericTask>b__0(IAsyncResult asyncResult)
--- End of stack trace from previous location ---
   at Applet.Nat.Api.Br.Models.DocumentExp.GetCotizacion(String vivstrMoneda, DateTime vivdtm) in C:\Users\Jaco2701\Documents\Visual Studio Projects\Nat\Nat.api\Models\BR\DocumentExp.cs:line 156
An error occurred while sending the request.
   at System.Net.Http.HttpConnection.SendAsync(HttpRequestMessage request, Boolean async, CancellationToken cancellationToken)
   at System.Net.Http.HttpConnectionPool.SendWithVersionDetectionAndRetryAsync(HttpRequestMessage request, Boolean async, Boolean doRequestAuth, CancellationToken cancellationToken)
   at System.Net.Http.DiagnosticsHandler.SendAsyncCore(HttpRequestMessage request, Boolean async, CancellationToken cancellationToken)
   at System.Net.Http.RedirectHandler.SendAsync(HttpRequestMessage request, Boolean async, CancellationToken cancellationToken)
   at System.Net.Http.DecompressionHandler.SendAsync(HttpRequestMessage request, Boolean async, CancellationToken cancellationToken)
   at System.Net.Http.HttpClient.<SendAsync>g__Core|83_0(HttpRequestMessage request, HttpCompletionOption completionOption, CancellationTokenSource cts, Boolean disposeCts, CancellationTokenSource pendingRequestsCts, CancellationToken originalCancellationToken)
   at System.ServiceModel.Channels.HttpChannelFactory`1.HttpClientRequestChannel.HttpClientChannelAsyncRequest.SendRequestAsync(Message message, TimeoutHelper timeoutHelper)
Unable to read data from the transport connection: An existing connection was forcibly closed by the remote host..
   at System.Net.Sockets.Socket.AwaitableSocketAsyncEventArgs.ThrowException(SocketError error, CancellationToken cancellationToken)
   at System.Net.Sockets.Socket.AwaitableSocketAsyncEventArgs.System.Threading.Tasks.Sources.IValueTaskSource<System.Int32>.GetResult(Int16 token)
   at System.Net.Security.SslStream.EnsureFullTlsFrameAsync[TIOAdapter](CancellationToken cancellationToken, Int32 estimatedSize)
   at System.Runtime.CompilerServices.PoolingAsyncValueTaskMethodBuilder`1.StateMachineBox`1.System.Threading.Tasks.Sources.IValueTaskSource<TResult>.GetResult(Int16 token)
   at System.Net.Security.SslStream.ReadAsyncInternal[TIOAdapter](Memory`1 buffer, CancellationToken cancellationToken)
   at System.Runtime.CompilerServices.PoolingAsyncValueTaskMethodBuilder`1.StateMachineBox`1.System.Threading.Tasks.Sources.IValueTaskSource<TResult>.GetResult(Int16 token)
   at System.Net.Http.HttpConnection.InitialFillAsync(Boolean async)
   at System.Net.Http.HttpConnection.SendAsync(HttpRequestMessage request, Boolean async, CancellationToken cancellationToken)
30/10/2025 03:26:23==>Cotizacion Invalida
   at Applet.Nat.Api.Br.Models.DocumentExp.GetCotizacion(String vivstrMoneda, DateTime vivdtm) in C:\Users\Jaco2701\Documents\Visual Studio Projects\Nat\Nat.api\Models\BR\DocumentExp.cs:line 175
   at Applet.Nat.Api.Controllers.MiscController.Statics() in C:\Users\Jaco2701\Documents\Visual Studio Projects\Nat\Nat.api\Controllers\MiscController.cs:line 45
30/10/2025 03:26:24==>Valor de Lista FORMAT:dtmwsmtxca no encontrado
   at Applet.Nat.Api.Static.ListHelper.GetValue(String vivcodType, String vivcodId, NatContext vioContext) in C:\Users\Jaco2701\Documents\Visual Studio Projects\Nat\Nat.api\Static\ListHelper.cs:line 26
   at Applet.Nat.Api.Models.Afip.AfipService.get_ivstrDateformat() in C:\Users\Jaco2701\Documents\Visual Studio Projects\Nat\Nat.api\Models\Afip\AfipService.cs:line 74
   at Applet.Nat.BR.DocumentMTXCA.GetCotizacion(String vivstrMoneda, DateTime vivdtm) in C:\Users\Jaco2701\Documents\Visual Studio Projects\Nat\Nat.api\Models\BR\DocumentMtxca.cs:line 540
30/10/2025 03:26:24==>Cotizacion Invalida
   at Applet.Nat.BR.DocumentMTXCA.GetCotizacion(String vivstrMoneda, DateTime vivdtm) in C:\Users\Jaco2701\Documents\Visual Studio Projects\Nat\Nat.api\Models\BR\DocumentMtxca.cs:line 566
   at Applet.Nat.Api.Controllers.MiscController.Statics() in C:\Users\Jaco2701\Documents\Visual Studio Projects\Nat\Nat.api\Controllers\MiscController.cs:line 65
30/10/2025 03:27:14==>An error occurred while sending the request.
   at System.Runtime.AsyncResult.End[TAsyncResult](IAsyncResult result)
   at System.ServiceModel.Channels.ServiceChannel.SendAsyncResult.End(SendAsyncResult result)
   at System.ServiceModel.Channels.ServiceChannel.EndCall(String action, Object[] outs, IAsyncResult result)
   at System.ServiceModel.Channels.ServiceChannelProxy.TaskCreator.<>c__DisplayClass1_0.<CreateGenericTask>b__0(IAsyncResult asyncResult)
--- End of stack trace from previous location ---
   at Applet.Nat.Api.Br.Models.DocumentExp.GetCotizacion(String vivstrMoneda, DateTime vivdtm) in C:\Users\Jaco2701\Documents\Visual Studio Projects\Nat\Nat.api\Models\BR\DocumentExp.cs:line 156
An error occurred while sending the request.
   at System.Net.Http.HttpConnection.SendAsync(HttpRequestMessage request, Boolean async, CancellationToken cancellationToken)
   at System.Net.Http.HttpConnectionPool.SendWithVersionDetectionAndRetryAsync(HttpRequestMessage request, Boolean async, Boolean doRequestAuth, CancellationToken cancellationToken)
   at System.Net.Http.DiagnosticsHandler.SendAsyncCore(HttpRequestMessage request, Boolean async, CancellationToken cancellationToken)
   at System.Net.Http.RedirectHandler.SendAsync(HttpRequestMessage request, Boolean async, CancellationToken cancellationToken)
   at System.Net.Http.DecompressionHandler.SendAsync(HttpRequestMessage request, Boolean async, CancellationToken cancellationToken)
   at System.Net.Http.HttpClient.<SendAsync>g__Core|83_0(HttpRequestMessage request, HttpCompletionOption completionOption, CancellationTokenSource cts, Boolean disposeCts, CancellationTokenSource pendingRequestsCts, CancellationToken originalCancellationToken)
   at System.ServiceModel.Channels.HttpChannelFactory`1.HttpClientRequestChannel.HttpClientChannelAsyncRequest.SendRequestAsync(Message message, TimeoutHelper timeoutHelper)
Unable to read data from the transport connection: An existing connection was forcibly closed by the remote host..
   at System.Net.Sockets.Socket.AwaitableSocketAsyncEventArgs.ThrowException(SocketError error, CancellationToken cancellationToken)
   at System.Net.Sockets.Socket.AwaitableSocketAsyncEventArgs.System.Threading.Tasks.Sources.IValueTaskSource<System.Int32>.GetResult(Int16 token)
   at System.Net.Security.SslStream.EnsureFullTlsFrameAsync[TIOAdapter](CancellationToken cancellationToken, Int32 estimatedSize)
   at System.Runtime.CompilerServices.PoolingAsyncValueTaskMethodBuilder`1.StateMachineBox`1.System.Threading.Tasks.Sources.IValueTaskSource<TResult>.GetResult(Int16 token)
   at System.Net.Security.SslStream.ReadAsyncInternal[TIOAdapter](Memory`1 buffer, CancellationToken cancellationToken)
   at System.Runtime.CompilerServices.PoolingAsyncValueTaskMethodBuilder`1.StateMachineBox`1.System.Threading.Tasks.Sources.IValueTaskSource<TResult>.GetResult(Int16 token)
   at System.Net.Http.HttpConnection.InitialFillAsync(Boolean async)
   at System.Net.Http.HttpConnection.SendAsync(HttpRequestMessage request, Boolean async, CancellationToken cancellationToken)
30/10/2025 03:27:14==>Cotizacion Invalida
   at Applet.Nat.Api.Br.Models.DocumentExp.GetCotizacion(String vivstrMoneda, DateTime vivdtm) in C:\Users\Jaco2701\Documents\Visual Studio Projects\Nat\Nat.api\Models\BR\DocumentExp.cs:line 175
   at Applet.Nat.Api.Controllers.MiscController.Statics() in C:\Users\Jaco2701\Documents\Visual Studio Projects\Nat\Nat.api\Controllers\MiscController.cs:line 45
30/10/2025 03:27:14==>Valor de Lista FORMAT:dtmwsmtxca no encontrado
   at Applet.Nat.Api.Static.ListHelper.GetValue(String vivcodType, String vivcodId, NatContext vioContext) in C:\Users\Jaco2701\Documents\Visual Studio Projects\Nat\Nat.api\Static\ListHelper.cs:line 26
   at Applet.Nat.Api.Models.Afip.AfipService.get_ivstrDateformat() in C:\Users\Jaco2701\Documents\Visual Studio Projects\Nat\Nat.api\Models\Afip\AfipService.cs:line 74
   at Applet.Nat.BR.DocumentMTXCA.GetCotizacion(String vivstrMoneda, DateTime vivdtm) in C:\Users\Jaco2701\Documents\Visual Studio Projects\Nat\Nat.api\Models\BR\DocumentMtxca.cs:line 540
30/10/2025 03:27:14==>Cotizacion Invalida
   at Applet.Nat.BR.DocumentMTXCA.GetCotizacion(String vivstrMoneda, DateTime vivdtm) in C:\Users\Jaco2701\Documents\Visual Studio Projects\Nat\Nat.api\Models\BR\DocumentMtxca.cs:line 566
   at Applet.Nat.Api.Controllers.MiscController.Statics() in C:\Users\Jaco2701\Documents\Visual Studio Projects\Nat\Nat.api\Controllers\MiscController.cs:line 65
30/10/2025 03:27:14==>An error occurred while sending the request.
   at System.Runtime.AsyncResult.End[TAsyncResult](IAsyncResult result)
   at System.ServiceModel.Channels.ServiceChannel.SendAsyncResult.End(SendAsyncResult result)
   at System.ServiceModel.Channels.ServiceChannel.EndCall(String action, Object[] outs, IAsyncResult result)
   at System.ServiceModel.Channels.ServiceChannelProxy.TaskCreator.<>c__DisplayClass1_0.<CreateGenericTask>b__0(IAsyncResult asyncResult)
--- End of stack trace from previous location ---
   at Applet.Nat.Api.Br.Models.DocumentExp.GetCotizacion(String vivstrMoneda, DateTime vivdtm) in C:\Users\Jaco2701\Documents\Visual Studio Projects\Nat\Nat.api\Models\BR\DocumentExp.cs:line 156
An error occurred while sending the request.
   at System.Net.Http.HttpConnection.SendAsync(HttpRequestMessage request, Boolean async, CancellationToken cancellationToken)
   at System.Net.Http.HttpConnectionPool.SendWithVersionDetectionAndRetryAsync(HttpRequestMessage request, Boolean async, Boolean doRequestAuth, CancellationToken cancellationToken)
   at System.Net.Http.DiagnosticsHandler.SendAsyncCore(HttpRequestMessage request, Boolean async, CancellationToken cancellationToken)
   at System.Net.Http.RedirectHandler.SendAsync(HttpRequestMessage request, Boolean async, CancellationToken cancellationToken)
   at System.Net.Http.DecompressionHandler.SendAsync(HttpRequestMessage request, Boolean async, CancellationToken cancellationToken)
   at System.Net.Http.HttpClient.<SendAsync>g__Core|83_0(HttpRequestMessage request, HttpCompletionOption completionOption, CancellationTokenSource cts, Boolean disposeCts, CancellationTokenSource pendingRequestsCts, CancellationToken originalCancellationToken)
   at System.ServiceModel.Channels.HttpChannelFactory`1.HttpClientRequestChannel.HttpClientChannelAsyncRequest.SendRequestAsync(Message message, TimeoutHelper timeoutHelper)
Unable to read data from the transport connection: An existing connection was forcibly closed by the remote host..
   at System.Net.Sockets.Socket.AwaitableSocketAsyncEventArgs.ThrowException(SocketError error, CancellationToken cancellationToken)
   at System.Net.Sockets.Socket.AwaitableSocketAsyncEventArgs.System.Threading.Tasks.Sources.IValueTaskSource<System.Int32>.GetResult(Int16 token)
   at System.Net.Security.SslStream.EnsureFullTlsFrameAsync[TIOAdapter](CancellationToken cancellationToken, Int32 estimatedSize)
   at System.Runtime.CompilerServices.PoolingAsyncValueTaskMethodBuilder`1.StateMachineBox`1.System.Threading.Tasks.Sources.IValueTaskSource<TResult>.GetResult(Int16 token)
   at System.Net.Security.SslStream.ReadAsyncInternal[TIOAdapter](Memory`1 buffer, CancellationToken cancellationToken)
   at System.Runtime.CompilerServices.PoolingAsyncValueTaskMethodBuilder`1.StateMachineBox`1.System.Threading.Tasks.Sources.IValueTaskSource<TResult>.GetResult(Int16 token)
   at System.Net.Http.HttpConnection.InitialFillAsync(Boolean async)
   at System.Net.Http.HttpConnection.SendAsync(HttpRequestMessage request, Boolean async, CancellationToken cancellationToken)
30/10/2025 03:27:14==>Cotizacion Invalida
   at Applet.Nat.Api.Br.Models.DocumentExp.GetCotizacion(String vivstrMoneda, DateTime vivdtm) in C:\Users\Jaco2701\Documents\Visual Studio Projects\Nat\Nat.api\Models\BR\DocumentExp.cs:line 175
   at Applet.Nat.Api.Controllers.MiscController.Statics() in C:\Users\Jaco2701\Documents\Visual Studio Projects\Nat\Nat.api\Controllers\MiscController.cs:line 45
30/10/2025 03:27:14==>Valor de Lista FORMAT:dtmwsmtxca no encontrado
   at Applet.Nat.Api.Static.ListHelper.GetValue(String vivcodType, String vivcodId, NatContext vioContext) in C:\Users\Jaco2701\Documents\Visual Studio Projects\Nat\Nat.api\Static\ListHelper.cs:line 26
   at Applet.Nat.Api.Models.Afip.AfipService.get_ivstrDateformat() in C:\Users\Jaco2701\Documents\Visual Studio Projects\Nat\Nat.api\Models\Afip\AfipService.cs:line 74
   at Applet.Nat.BR.DocumentMTXCA.GetCotizacion(String vivstrMoneda, DateTime vivdtm) in C:\Users\Jaco2701\Documents\Visual Studio Projects\Nat\Nat.api\Models\BR\DocumentMtxca.cs:line 540
30/10/2025 03:27:14==>Cotizacion Invalida
   at Applet.Nat.BR.DocumentMTXCA.GetCotizacion(String vivstrMoneda, DateTime vivdtm) in C:\Users\Jaco2701\Documents\Visual Studio Projects\Nat\Nat.api\Models\BR\DocumentMtxca.cs:line 566
   at Applet.Nat.Api.Controllers.MiscController.Statics() in C:\Users\Jaco2701\Documents\Visual Studio Projects\Nat\Nat.api\Controllers\MiscController.cs:line 65
30/10/2025 03:27:14==>An error occurred while sending the request.
   at System.Runtime.AsyncResult.End[TAsyncResult](IAsyncResult result)
   at System.ServiceModel.Channels.ServiceChannel.SendAsyncResult.End(SendAsyncResult result)
   at System.ServiceModel.Channels.ServiceChannel.EndCall(String action, Object[] outs, IAsyncResult result)
   at System.ServiceModel.Channels.ServiceChannelProxy.TaskCreator.<>c__DisplayClass1_0.<CreateGenericTask>b__0(IAsyncResult asyncResult)
--- End of stack trace from previous location ---
   at Applet.Nat.Api.Br.Models.DocumentExp.GetCotizacion(String vivstrMoneda, DateTime vivdtm) in C:\Users\Jaco2701\Documents\Visual Studio Projects\Nat\Nat.api\Models\BR\DocumentExp.cs:line 156
An error occurred while sending the request.
   at System.Net.Http.HttpConnection.SendAsync(HttpRequestMessage request, Boolean async, CancellationToken cancellationToken)
   at System.Net.Http.HttpConnectionPool.SendWithVersionDetectionAndRetryAsync(HttpRequestMessage request, Boolean async, Boolean doRequestAuth, CancellationToken cancellationToken)
   at System.Net.Http.DiagnosticsHandler.SendAsyncCore(HttpRequestMessage request, Boolean async, CancellationToken cancellationToken)
   at System.Net.Http.RedirectHandler.SendAsync(HttpRequestMessage request, Boolean async, CancellationToken cancellationToken)
   at System.Net.Http.DecompressionHandler.SendAsync(HttpRequestMessage request, Boolean async, CancellationToken cancellationToken)
   at System.Net.Http.HttpClient.<SendAsync>g__Core|83_0(HttpRequestMessage request, HttpCompletionOption completionOption, CancellationTokenSource cts, Boolean disposeCts, CancellationTokenSource pendingRequestsCts, CancellationToken originalCancellationToken)
   at System.ServiceModel.Channels.HttpChannelFactory`1.HttpClientRequestChannel.HttpClientChannelAsyncRequest.SendRequestAsync(Message message, TimeoutHelper timeoutHelper)
Unable to read data from the transport connection: An existing connection was forcibly closed by the remote host..
   at System.Net.Sockets.Socket.AwaitableSocketAsyncEventArgs.ThrowException(SocketError error, CancellationToken cancellationToken)
   at System.Net.Sockets.Socket.AwaitableSocketAsyncEventArgs.System.Threading.Tasks.Sources.IValueTaskSource<System.Int32>.GetResult(Int16 token)
   at System.Net.Security.SslStream.EnsureFullTlsFrameAsync[TIOAdapter](CancellationToken cancellationToken, Int32 estimatedSize)
   at System.Runtime.CompilerServices.PoolingAsyncValueTaskMethodBuilder`1.StateMachineBox`1.System.Threading.Tasks.Sources.IValueTaskSource<TResult>.GetResult(Int16 token)
   at System.Net.Security.SslStream.ReadAsyncInternal[TIOAdapter](Memory`1 buffer, CancellationToken cancellationToken)
   at System.Runtime.CompilerServices.PoolingAsyncValueTaskMethodBuilder`1.StateMachineBox`1.System.Threading.Tasks.Sources.IValueTaskSource<TResult>.GetResult(Int16 token)
   at System.Net.Http.HttpConnection.InitialFillAsync(Boolean async)
   at System.Net.Http.HttpConnection.SendAsync(HttpRequestMessage request, Boolean async, CancellationToken cancellationToken)
30/10/2025 03:27:14==>Cotizacion Invalida
   at Applet.Nat.Api.Br.Models.DocumentExp.GetCotizacion(String vivstrMoneda, DateTime vivdtm) in C:\Users\Jaco2701\Documents\Visual Studio Projects\Nat\Nat.api\Models\BR\DocumentExp.cs:line 175
   at Applet.Nat.Api.Controllers.MiscController.Statics() in C:\Users\Jaco2701\Documents\Visual Studio Projects\Nat\Nat.api\Controllers\MiscController.cs:line 45
30/10/2025 03:27:14==>Valor de Lista FORMAT:dtmwsmtxca no encontrado
   at Applet.Nat.Api.Static.ListHelper.GetValue(String vivcodType, String vivcodId, NatContext vioContext) in C:\Users\Jaco2701\Documents\Visual Studio Projects\Nat\Nat.api\Static\ListHelper.cs:line 26
   at Applet.Nat.Api.Models.Afip.AfipService.get_ivstrDateformat() in C:\Users\Jaco2701\Documents\Visual Studio Projects\Nat\Nat.api\Models\Afip\AfipService.cs:line 74
   at Applet.Nat.BR.DocumentMTXCA.GetCotizacion(String vivstrMoneda, DateTime vivdtm) in C:\Users\Jaco2701\Documents\Visual Studio Projects\Nat\Nat.api\Models\BR\DocumentMtxca.cs:line 540
30/10/2025 03:27:14==>Cotizacion Invalida
   at Applet.Nat.BR.DocumentMTXCA.GetCotizacion(String vivstrMoneda, DateTime vivdtm) in C:\Users\Jaco2701\Documents\Visual Studio Projects\Nat\Nat.api\Models\BR\DocumentMtxca.cs:line 566
   at Applet.Nat.Api.Controllers.MiscController.Statics() in C:\Users\Jaco2701\Documents\Visual Studio Projects\Nat\Nat.api\Controllers\MiscController.cs:line 65
30/10/2025 03:27:15==>An error occurred while sending the request.
   at System.Runtime.AsyncResult.End[TAsyncResult](IAsyncResult result)
   at System.ServiceModel.Channels.ServiceChannel.SendAsyncResult.End(SendAsyncResult result)
   at System.ServiceModel.Channels.ServiceChannel.EndCall(String action, Object[] outs, IAsyncResult result)
   at System.ServiceModel.Channels.ServiceChannelProxy.TaskCreator.<>c__DisplayClass1_0.<CreateGenericTask>b__0(IAsyncResult asyncResult)
--- End of stack trace from previous location ---
   at Applet.Nat.Api.Br.Models.DocumentExp.GetCotizacion(String vivstrMoneda, DateTime vivdtm) in C:\Users\Jaco2701\Documents\Visual Studio Projects\Nat\Nat.api\Models\BR\DocumentExp.cs:line 156
An error occurred while sending the request.
   at System.Net.Http.HttpConnection.SendAsync(HttpRequestMessage request, Boolean async, CancellationToken cancellationToken)
   at System.Net.Http.HttpConnectionPool.SendWithVersionDetectionAndRetryAsync(HttpRequestMessage request, Boolean async, Boolean doRequestAuth, CancellationToken cancellationToken)
   at System.Net.Http.DiagnosticsHandler.SendAsyncCore(HttpRequestMessage request, Boolean async, CancellationToken cancellationToken)
   at System.Net.Http.RedirectHandler.SendAsync(HttpRequestMessage request, Boolean async, CancellationToken cancellationToken)
   at System.Net.Http.DecompressionHandler.SendAsync(HttpRequestMessage request, Boolean async, CancellationToken cancellationToken)
   at System.Net.Http.HttpClient.<SendAsync>g__Core|83_0(HttpRequestMessage request, HttpCompletionOption completionOption, CancellationTokenSource cts, Boolean disposeCts, CancellationTokenSource pendingRequestsCts, CancellationToken originalCancellationToken)
   at System.ServiceModel.Channels.HttpChannelFactory`1.HttpClientRequestChannel.HttpClientChannelAsyncRequest.SendRequestAsync(Message message, TimeoutHelper timeoutHelper)
Unable to read data from the transport connection: An existing connection was forcibly closed by the remote host..
   at System.Net.Sockets.Socket.AwaitableSocketAsyncEventArgs.ThrowException(SocketError error, CancellationToken cancellationToken)
   at System.Net.Sockets.Socket.AwaitableSocketAsyncEventArgs.System.Threading.Tasks.Sources.IValueTaskSource<System.Int32>.GetResult(Int16 token)
   at System.Net.Security.SslStream.EnsureFullTlsFrameAsync[TIOAdapter](CancellationToken cancellationToken, Int32 estimatedSize)
   at System.Runtime.CompilerServices.PoolingAsyncValueTaskMethodBuilder`1.StateMachineBox`1.System.Threading.Tasks.Sources.IValueTaskSource<TResult>.GetResult(Int16 token)
   at System.Net.Security.SslStream.ReadAsyncInternal[TIOAdapter](Memory`1 buffer, CancellationToken cancellationToken)
   at System.Runtime.CompilerServices.PoolingAsyncValueTaskMethodBuilder`1.StateMachineBox`1.System.Threading.Tasks.Sources.IValueTaskSource<TResult>.GetResult(Int16 token)
   at System.Net.Http.HttpConnection.InitialFillAsync(Boolean async)
   at System.Net.Http.HttpConnection.SendAsync(HttpRequestMessage request, Boolean async, CancellationToken cancellationToken)
30/10/2025 03:27:15==>Cotizacion Invalida
   at Applet.Nat.Api.Br.Models.DocumentExp.GetCotizacion(String vivstrMoneda, DateTime vivdtm) in C:\Users\Jaco2701\Documents\Visual Studio Projects\Nat\Nat.api\Models\BR\DocumentExp.cs:line 175
   at Applet.Nat.Api.Controllers.MiscController.Statics() in C:\Users\Jaco2701\Documents\Visual Studio Projects\Nat\Nat.api\Controllers\MiscController.cs:line 45
30/10/2025 03:27:15==>Valor de Lista FORMAT:dtmwsmtxca no encontrado
   at Applet.Nat.Api.Static.ListHelper.GetValue(String vivcodType, String vivcodId, NatContext vioContext) in C:\Users\Jaco2701\Documents\Visual Studio Projects\Nat\Nat.api\Static\ListHelper.cs:line 26
   at Applet.Nat.Api.Models.Afip.AfipService.get_ivstrDateformat() in C:\Users\Jaco2701\Documents\Visual Studio Projects\Nat\Nat.api\Models\Afip\AfipService.cs:line 74
   at Applet.Nat.BR.DocumentMTXCA.GetCotizacion(String vivstrMoneda, DateTime vivdtm) in C:\Users\Jaco2701\Documents\Visual Studio Projects\Nat\Nat.api\Models\BR\DocumentMtxca.cs:line 540
30/10/2025 03:27:15==>Cotizacion Invalida
   at Applet.Nat.BR.DocumentMTXCA.GetCotizacion(String vivstrMoneda, DateTime vivdtm) in C:\Users\Jaco2701\Documents\Visual Studio Projects\Nat\Nat.api\Models\BR\DocumentMtxca.cs:line 566
   at Applet.Nat.Api.Controllers.MiscController.Statics() in C:\Users\Jaco2701\Documents\Visual Studio Projects\Nat\Nat.api\Controllers\MiscController.cs:line 65
30/10/2025 03:27:15==>An error occurred while sending the request.
   at System.Runtime.AsyncResult.End[TAsyncResult](IAsyncResult result)
   at System.ServiceModel.Channels.ServiceChannel.SendAsyncResult.End(SendAsyncResult result)
   at System.ServiceModel.Channels.ServiceChannel.EndCall(String action, Object[] outs, IAsyncResult result)
   at System.ServiceModel.Channels.ServiceChannelProxy.TaskCreator.<>c__DisplayClass1_0.<CreateGenericTask>b__0(IAsyncResult asyncResult)
--- End of stack trace from previous location ---
   at Applet.Nat.Api.Br.Models.DocumentExp.GetCotizacion(String vivstrMoneda, DateTime vivdtm) in C:\Users\Jaco2701\Documents\Visual Studio Projects\Nat\Nat.api\Models\BR\DocumentExp.cs:line 156
An error occurred while sending the request.
   at System.Net.Http.HttpConnection.SendAsync(HttpRequestMessage request, Boolean async, CancellationToken cancellationToken)
   at System.Net.Http.HttpConnectionPool.SendWithVersionDetectionAndRetryAsync(HttpRequestMessage request, Boolean async, Boolean doRequestAuth, CancellationToken cancellationToken)
   at System.Net.Http.DiagnosticsHandler.SendAsyncCore(HttpRequestMessage request, Boolean async, CancellationToken cancellationToken)
   at System.Net.Http.RedirectHandler.SendAsync(HttpRequestMessage request, Boolean async, CancellationToken cancellationToken)
   at System.Net.Http.DecompressionHandler.SendAsync(HttpRequestMessage request, Boolean async, CancellationToken cancellationToken)
   at System.Net.Http.HttpClient.<SendAsync>g__Core|83_0(HttpRequestMessage request, HttpCompletionOption completionOption, CancellationTokenSource cts, Boolean disposeCts, CancellationTokenSource pendingRequestsCts, CancellationToken originalCancellationToken)
   at System.ServiceModel.Channels.HttpChannelFactory`1.HttpClientRequestChannel.HttpClientChannelAsyncRequest.SendRequestAsync(Message message, TimeoutHelper timeoutHelper)
Unable to read data from the transport connection: An existing connection was forcibly closed by the remote host..
   at System.Net.Sockets.Socket.AwaitableSocketAsyncEventArgs.ThrowException(SocketError error, CancellationToken cancellationToken)
   at System.Net.Sockets.Socket.AwaitableSocketAsyncEventArgs.System.Threading.Tasks.Sources.IValueTaskSource<System.Int32>.GetResult(Int16 token)
   at System.Net.Security.SslStream.EnsureFullTlsFrameAsync[TIOAdapter](CancellationToken cancellationToken, Int32 estimatedSize)
   at System.Runtime.CompilerServices.PoolingAsyncValueTaskMethodBuilder`1.StateMachineBox`1.System.Threading.Tasks.Sources.IValueTaskSource<TResult>.GetResult(Int16 token)
   at System.Net.Security.SslStream.ReadAsyncInternal[TIOAdapter](Memory`1 buffer, CancellationToken cancellationToken)
   at System.Runtime.CompilerServices.PoolingAsyncValueTaskMethodBuilder`1.StateMachineBox`1.System.Threading.Tasks.Sources.IValueTaskSource<TResult>.GetResult(Int16 token)
   at System.Net.Http.HttpConnection.InitialFillAsync(Boolean async)
   at System.Net.Http.HttpConnection.SendAsync(HttpRequestMessage request, Boolean async, CancellationToken cancellationToken)
30/10/2025 03:27:15==>Cotizacion Invalida
   at Applet.Nat.Api.Br.Models.DocumentExp.GetCotizacion(String vivstrMoneda, DateTime vivdtm) in C:\Users\Jaco2701\Documents\Visual Studio Projects\Nat\Nat.api\Models\BR\DocumentExp.cs:line 175
   at Applet.Nat.Api.Controllers.MiscController.Statics() in C:\Users\Jaco2701\Documents\Visual Studio Projects\Nat\Nat.api\Controllers\MiscController.cs:line 45
30/10/2025 03:27:15==>Valor de Lista FORMAT:dtmwsmtxca no encontrado
   at Applet.Nat.Api.Static.ListHelper.GetValue(String vivcodType, String vivcodId, NatContext vioContext) in C:\Users\Jaco2701\Documents\Visual Studio Projects\Nat\Nat.api\Static\ListHelper.cs:line 26
   at Applet.Nat.Api.Models.Afip.AfipService.get_ivstrDateformat() in C:\Users\Jaco2701\Documents\Visual Studio Projects\Nat\Nat.api\Models\Afip\AfipService.cs:line 74
   at Applet.Nat.BR.DocumentMTXCA.GetCotizacion(String vivstrMoneda, DateTime vivdtm) in C:\Users\Jaco2701\Documents\Visual Studio Projects\Nat\Nat.api\Models\BR\DocumentMtxca.cs:line 540
30/10/2025 03:27:15==>Cotizacion Invalida
   at Applet.Nat.BR.DocumentMTXCA.GetCotizacion(String vivstrMoneda, DateTime vivdtm) in C:\Users\Jaco2701\Documents\Visual Studio Projects\Nat\Nat.api\Models\BR\DocumentMtxca.cs:line 566
   at Applet.Nat.Api.Controllers.MiscController.Statics() in C:\Users\Jaco2701\Documents\Visual Studio Projects\Nat\Nat.api\Controllers\MiscController.cs:line 65
